 IPGateWay-V5.6-2-480

 Timestamp is 49f11c61 (Fri Apr 24 09:56:49 2009)

 Preferred load address is 00400000

 Start         Length     Name                   Class
 0001:00000000 0001fb82H .text                   CODE
 0001:0001fb82 0000021fH .text$AFX_AUX           CODE
 0001:0001fda1 0000045dH .text$AFX_CMNCTL        CODE
 0001:000201fe 000001d6H .text$AFX_COL1          CODE
 0001:000203d4 000002abH .text$AFX_COL2          CODE
 0001:0002067f 00005e40H .text$AFX_CORE1         CODE
 0001:000264bf 00000e36H .text$AFX_CORE2         CODE
 0001:000272f5 000009d5H .text$AFX_CORE3         CODE
 0001:00027cca 00000206H .text$AFX_CORE4         CODE
 0001:00027ed0 00001defH .text$AFX_INIT          CODE
 0001:00029cbf 00000290H .text$AFX_OLE1          CODE
 0001:00029f4f 0000018cH .text$AFX_OLE2          CODE
 0001:0002a0db 0000035dH .text$AFX_OLE3          CODE
 0001:0002a438 0000035aH .text$AFX_OLE4          CODE
 0001:0002a792 00000e7eH .text$AFX_OLE5          CODE
 0001:0002b610 000001fbH .text$AFX_TERM          CODE
 0001:0002b810 00000c5fH .text$x                 CODE
 0002:00000000 00000580H .idata$5                DATA
 0002:00000580 00003438H .rdata                  DATA
 0002:000039b8 000016acH .rdata$r                DATA
 0002:00005068 000020e8H .xdata$x                DATA
 0002:00007150 000000f0H .idata$2                DATA
 0002:00007240 00000014H .idata$3                DATA
 0002:00007254 00000580H .idata$4                DATA
 0002:000077d4 00001522H .idata$6                DATA
 0002:00008cf6 00000000H .edata                  DATA
 0003:00000000 00000004H .CRT$XCA                DATA
 0003:00000004 0000002cH .CRT$XCC                DATA
 0003:00000030 00000014H .CRT$XCL                DATA
 0003:00000044 00000044H .CRT$XCU                DATA
 0003:00000088 00000004H .CRT$XCZ                DATA
 0003:0000008c 00000004H .CRT$XIA                DATA
 0003:00000090 0000000cH .CRT$XIC                DATA
 0003:0000009c 00000004H .CRT$XIY                DATA
 0003:000000a0 00000004H .CRT$XIZ                DATA
 0003:000000a4 00000004H .CRT$XPA                DATA
 0003:000000a8 00000004H .CRT$XPX                DATA
 0003:000000ac 00000004H .CRT$XPZ                DATA
 0003:000000b0 00000004H .CRT$XTA                DATA
 0003:000000b4 00000004H .CRT$XTB                DATA
 0003:000000b8 00000004H .CRT$XTZ                DATA
 0003:000000c0 00005b3dH .data                   DATA
 0003:00005c00 00073ca8H .bss                    DATA
 0004:00000000 000005b0H .rsrc$01                DATA
 0004:000005b0 00001fe0H .rsrc$02                DATA

  Address         Publics by Value              Rva+Base     Lib:Object

 0001:00000000       ?DrawInterface_LinkDev@@YAXPAUINTERFACE_STRUCT@@@Z 00401000 f   DTrunk.obj
 0001:00000020       ?DrawInterface_CallInfo@@YAXPAUINTERFACE_STRUCT@@@Z 00401020 f   DTrunk.obj
 0001:00000040       ?DrawInterf_LineState@@YAXPAUINTERFACE_STRUCT@@@Z 00401040 f   DTrunk.obj
 0001:00000060       ?OpenInterfaceDevice@@YAXPAUINTERFACE_STRUCT@@@Z 00401060 f   DTrunk.obj
 0001:00000080       ?My_InitIntfDtmfBuf@@YAXPAUINTERFACE_STRUCT@@@Z 00401080 f   DTrunk.obj
 0001:000000a0       ?My_AddIntfDtmfBuf@@YAXPAUINTERFACE_STRUCT@@D@Z 004010a0 f   DTrunk.obj
 0001:000000e0       ?My_GetIntfDtmfCode@@YADPAUAcs_Evt_t@@@Z 004010e0 f   DTrunk.obj
 0001:00000110       ?CalDispRow@@YAHH@Z        00401110 f   DTrunk.obj
 0001:00000120       ?InitListDTrunk@@YAXXZ     00401120 f   DTrunk.obj
 0001:00000340       ?DrawDTrunk_DTMF@@YAXPAUINTERFACE_STRUCT@@@Z 00401340 f   DTrunk.obj
 0001:000003a0       ?DrawDTrunk_LineState@@YAXPAUINTERFACE_STRUCT@@@Z 004013a0 f   DTrunk.obj
 0001:000003f0       ?DrawDTrunk_State@@YAXPAUINTERFACE_STRUCT@@@Z 004013f0 f   DTrunk.obj
 0001:000004f0       ?DrawDTrunk_CallInfo@@YAXPAUINTERFACE_STRUCT@@@Z 004014f0 f   DTrunk.obj
 0001:000005a0       ?DrawDTrunk_Reason@@YAXPAUINTERFACE_STRUCT@@JJ@Z 004015a0 f   DTrunk.obj
 0001:00000600       ?DrawDTrunk_LinkDev@@YAXPAUINTERFACE_STRUCT@@@Z 00401600 f   DTrunk.obj
 0001:00000670       ?InitDTrunkChannel@@YAXPAUINTERFACE_STRUCT@@@Z 00401670 f   DTrunk.obj
 0001:000006c0       ?Change_DTrunkState@@YAXPAUINTERFACE_STRUCT@@W4DTRK_STATE@@@Z 004016c0 f   DTrunk.obj
 0001:000006e0       ?ResetTrunk@@YAXPAUINTERFACE_STRUCT@@PAUAcs_Evt_t@@@Z 004016e0 f   DTrunk.obj
 0001:000006f0       ?DTrunkWork@@YAXPAUINTERFACE_STRUCT@@PAUAcs_Evt_t@@@Z 004016f0 f   DTrunk.obj
 0001:00001900       ?PSTNToVOIPCallout@@YAHPAD0PAUDeviceID_t@@PAUINTERFACE_STRUCT@@@Z 00402900 f   DTrunk.obj
 0001:00001ca0       ?InterfaceWork@@YAXPAUINTERFACE_STRUCT@@PAUAcs_Evt_t@@@Z 00402ca0 f   DTrunk.obj
 0001:00001cc0       ?find@@YAHPADD@Z           00402cc0 f   DTrunk.obj
 0001:00001cf0       ?Rule@@YAHPADPAURule_Tab@@0@Z 00402cf0 f   DTrunk.obj
 0001:00001f90       ?checkrule@@YAHPAD@Z       00402f90 f   DTrunk.obj
 0001:00002000       ?IsDigitMod@@YAHD@Z        00403000 f   globe.obj
 0001:00002030       ?IsVoipMod@@YAHD@Z         00403030 f   globe.obj
 0001:00002060       ?ReDrawList@@YAXHAAVCListCtrl@@@Z 00403060 f   globe.obj
 0001:00002100       ?ReDrawAll@@YAXXZ          00403100 f   globe.obj
 0001:00002300       ?InitSystem@@YAHXZ         00403300 f   globe.obj
 0001:00002440       ?ExitSystem@@YAXXZ         00403440 f   globe.obj
 0001:000024a0       ?InitAllDeviceRes@@YAXXZ   004034a0 f   globe.obj
 0001:000024e0       ?FreeOneDeviceRes@@YAXH@Z  004034e0 f   globe.obj
 0001:00002570       ?FreeAllDeviceRes@@YAXXZ   00403570 f   globe.obj
 0001:00002590       ?OpenVoiceDevice@@YAXPAUVOICE_STRUCT@@@Z 00403590 f   globe.obj
 0001:000025b0       ?JudgeEmptyDsp@@YAHD@Z     004035b0 f   globe.obj
 0001:000025d0       ?OpenAllDevice_Dsp@@YAXD@Z 004035d0 f   globe.obj
 0001:000028a0       ?OpenBoardDevice@@YAXPAUDeviceID_t@@@Z 004038a0 f   globe.obj
 0001:000028a0       ?OpenFaxDevice@@YAXPAUFAX_STRUCT@@@Z 004038a0 f   globe.obj
 0001:000028c0       ?OpenPcmDevice@@YAXPAUPCM_STRUCT@@@Z 004038c0 f   globe.obj
 0001:000028e0       ?OpenDeviceOK@@YAXPAUDeviceID_t@@@Z 004038e0 f   globe.obj
 0001:00002ee0       ?CloseDeviceOK@@YAXPAUDeviceID_t@@@Z 00403ee0 f   globe.obj
 0001:00003060       ?My_DualLink@@YAXPAUDeviceID_t@@0@Z 00404060 f   globe.obj
 0001:00003090       ?My_DualUnlink@@YAXPAUDeviceID_t@@0@Z 00404090 f   globe.obj
 0001:000030c0       ?setFax1100Gtd_Template@@YAHPAUDeviceID_t@@@Z 004040c0 f   globe.obj
 0001:00003610       ?setFax2100Gtd_Template@@YAHPAUDeviceID_t@@@Z 00404610 f   globe.obj
 0001:00003b60       ?RecordFile@@YAXHHHHH@Z    00404b60 f   globe.obj
 0001:00003e00       ?getCurrTime@@YAXPAD@Z     00404e00 f   globe.obj
 0001:00003e70       ?IsLast@@YAHPAURule_Tab@@@Z 00404e70 f   globe.obj
 0001:00003e90       ?Insert@@YAXPADPAURule_Tab@@1@Z 00404e90 f   globe.obj
 0001:00003f00       ?DeleteList@@YAXPAURule_Tab@@@Z 00404f00 f   globe.obj
 0001:00003f30       ?DeledtTab@@YAXPAPAURule_Tab@@@Z 00404f30 f   globe.obj
 0001:00003f50       ?GetMessageMap@CPBXGetWayApp@@MBEPBUAFX_MSGMAP@@XZ 00404f50 f   PBXGetWay.obj
 0001:00003f60       ??0CPBXGetWayApp@@QAE@XZ   00404f60 f   PBXGetWay.obj
 0001:00003f80       ??_GCPBXGetWayApp@@UAEPAXI@Z 00404f80 f i PBXGetWay.obj
 0001:00003f80       ??_ECPBXGetWayApp@@UAEPAXI@Z 00404f80 f i PBXGetWay.obj
 0001:00003fa0       ??1CPBXGetWayApp@@UAE@XZ   00404fa0 f i PBXGetWay.obj
 0001:00003ff0       ?InitInstance@CPBXGetWayApp@@UAEHXZ 00404ff0 f   PBXGetWay.obj
 0001:000040a0       ??1CPBXGetWayDlg@@UAE@XZ   004050a0 f i PBXGetWay.obj
 0001:00004100       ??0CAboutDlg@@QAE@XZ       00405100 f   PBXGetWayDlg.obj
 0001:00004120       ??_ECAboutDlg@@UAEPAXI@Z   00405120 f i PBXGetWayDlg.obj
 0001:00004120       ??_GCAboutDlg@@UAEPAXI@Z   00405120 f i PBXGetWayDlg.obj
 0001:00004140       ??1CAboutDlg@@UAE@XZ       00405140 f i PBXGetWayDlg.obj
 0001:00004150       ?DoDataExchange@CAboutDlg@@MAEXPAVCDataExchange@@@Z 00405150 f   PBXGetWayDlg.obj
 0001:00004160       ?GetMessageMap@CAboutDlg@@MBEPBUAFX_MSGMAP@@XZ 00405160 f   PBXGetWayDlg.obj
 0001:00004170       ??0CPBXGetWayDlg@@QAE@PAVCWnd@@@Z 00405170 f   PBXGetWayDlg.obj
 0001:00004210       ??_ECPBXGetWayDlg@@UAEPAXI@Z 00405210 f i PBXGetWayDlg.obj
 0001:00004210       ??_GCPBXGetWayDlg@@UAEPAXI@Z 00405210 f i PBXGetWayDlg.obj
 0001:00004230       ?DoDataExchange@CPBXGetWayDlg@@MAEXPAVCDataExchange@@@Z 00405230 f   PBXGetWayDlg.obj
 0001:00004260       ?GetMessageMap@CPBXGetWayDlg@@MBEPBUAFX_MSGMAP@@XZ 00405260 f   PBXGetWayDlg.obj
 0001:00004270       ?OnInitDialog@CPBXGetWayDlg@@MAEHXZ 00405270 f   PBXGetWayDlg.obj
 0001:00004350       ?OnSysCommand@CPBXGetWayDlg@@IAEXIJ@Z 00405350 f   PBXGetWayDlg.obj
 0001:000043d0       ?OnPaint@CPBXGetWayDlg@@IAEXXZ 004053d0 f   PBXGetWayDlg.obj
 0001:00004490       ?OnQueryDragIcon@CPBXGetWayDlg@@IAEPAUHICON__@@XZ 00405490 f   PBXGetWayDlg.obj
 0001:000044a0       ?OnOK@CPBXGetWayDlg@@MAEXXZ 004054a0 f   PBXGetWayDlg.obj
 0001:000044b0       ?OnDestroy@CPBXGetWayDlg@@IAEXXZ 004054b0 f   PBXGetWayDlg.obj
 0001:000044c0       ?ConvertTrunkChnInt@CPBXGetWayDlg@@QAEHPAH0PAD@Z 004054c0 f   PBXGetWayDlg.obj
 0001:000045c0       ?ConvertVoipChnInt@CPBXGetWayDlg@@QAEHPAH0PAD@Z 004055c0 f   PBXGetWayDlg.obj
 0001:000046f0       ?ConvertVoiceChnInt@CPBXGetWayDlg@@QAEHPAH0H@Z 004056f0 f   PBXGetWayDlg.obj
 0001:000048a0       ?OnBUTTONRecord@CPBXGetWayDlg@@IAEXXZ 004058a0 f   PBXGetWayDlg.obj
 0001:00004a70       ?OnDblclkVoip@CPBXGetWayDlg@@IAEXPAUtagNMHDR@@PAJ@Z 00405a70 f   PBXGetWayDlg.obj
 0001:00004af0       ?OnDblclkDTrunk@CPBXGetWayDlg@@IAEXPAUtagNMHDR@@PAJ@Z 00405af0 f   PBXGetWayDlg.obj
 0001:00004b70       ?PreTranslateMessage@CPBXGetWayDlg@@UAEHPAUtagMSG@@@Z 00405b70 f   PBXGetWayDlg.obj
 0001:00004ba0       ?DoDataExchange@CWnd@@MAEXPAVCDataExchange@@@Z 00405ba0 f i PBXGetWayDlg.obj
 0001:00004ba0       ?Serialize@CObject@@UAEXAAVCArchive@@@Z 00405ba0 f i PBXGetWayDlg.obj
 0001:00004bb0       ?BeginModalState@CWnd@@UAEXXZ 00405bb0 f i PBXGetWayDlg.obj
 0001:00004bc0       ?EndModalState@CWnd@@UAEXXZ 00405bc0 f i PBXGetWayDlg.obj
 0001:00004bd0       ??_GCListCtrl@@UAEPAXI@Z   00405bd0 f i PBXGetWayDlg.obj
 0001:00004bd0       ??_ECListCtrl@@UAEPAXI@Z   00405bd0 f i PBXGetWayDlg.obj
 0001:00004bf0       ?My_IpPoolItem@@YAHH@Z     00405bf0 f   SysConfig.obj
 0001:00004c60       ?My_DeleteIpPoolItem@@YAXH@Z 00405c60 f   SysConfig.obj
 0001:00004cb0       ?My_IpPool@@YAHH@Z         00405cb0 f   SysConfig.obj
 0001:00004d00       ?My_DeleteIpPool@@YAXH@Z   00405d00 f   SysConfig.obj
 0001:00004d50       ?My_DeleteAllMem@@YAXXZ    00405d50 f   SysConfig.obj
 0001:00004d70       ?SplitStr2Int@@YAHPAD0QAH@Z 00405d70 f   SysConfig.obj
 0001:00004de0       ?My_DeleteRout@@YAXXZ      00405de0 f   SysConfig.obj
 0001:00004e00       ?ReadVOIPConfig@@YAXXZ     00405e00 f   SysConfig.obj
 0001:000051c0       ?assignmentOutBoundRout@@YAXPADPAUOutBoundRout@@@Z 004061c0 f   SysConfig.obj
 0001:00005270       ?InitTextBox@@YAXXZ        00406270 f   SysConfig.obj
 0001:000052f0       ?IsValidIP@@YAHPAD@Z       004062f0 f   SysConfig.obj
 0001:00005300       ?CreateDailRule@@YAHPAPAURule_Tab@@@Z 00406300 f   SysConfig.obj
 0001:000053f0       ?InitListVOIP@@YAXXZ       004063f0 f   VOIP.OBJ
 0001:00005660       ?DrawVOIP_LineState@@YAXPAUVOIP_STRUCT@@@Z 00406660 f   VOIP.OBJ
 0001:000056b0       ?DrawVOIP_State@@YAXPAUVOIP_STRUCT@@@Z 004066b0 f   VOIP.OBJ
 0001:000057c0       ?DrawVOIP_CallInfo@@YAXPAUVOIP_STRUCT@@@Z 004067c0 f   VOIP.OBJ
 0001:00005b20       ?DrawVOIP_DTMF@@YAXPAUVOIP_STRUCT@@@Z 00406b20 f   VOIP.OBJ
 0001:00005b90       ?DrawVOIP_LinkDev@@YAXPAUVOIP_STRUCT@@@Z 00406b90 f   VOIP.OBJ
 0001:00005c10       ?DrawVOIP_VocInfo@@YAXPAUVOIP_STRUCT@@@Z 00406c10 f   VOIP.OBJ
 0001:00005ca0       ?DrawVOIP_Reason@@YAXPAUVOIP_STRUCT@@JJ@Z 00406ca0 f   VOIP.OBJ
 0001:00005d10       ?OpenVOIPDevice@@YAXPAUVOIP_STRUCT@@@Z 00406d10 f   VOIP.OBJ
 0001:00005d70       ?InitVOIPChannel@@YAXPAUVOIP_STRUCT@@@Z 00406d70 f   VOIP.OBJ
 0001:00005e40       ?Change_VOIPState@@YAXPAUVOIP_STRUCT@@W4VOIP_STATE@@@Z 00406e40 f   VOIP.OBJ
 0001:00005e60       ?PlayDTMF@@YAJPAUDeviceID_t@@PAD@Z 00406e60 f   VOIP.OBJ
 0001:00005ee0       ?My_InitDtmfBuf@@YAXPAUVOIP_STRUCT@@@Z 00406ee0 f   VOIP.OBJ
 0001:00005f00       ?My_AddDtmfBuf@@YAXPAUVOIP_STRUCT@@D@Z 00406f00 f   VOIP.OBJ
 0001:00005f40       ?My_GetDtmfCode@@YADPAUAcs_Evt_t@@@Z 00406f40 f   VOIP.OBJ
 0001:00005fe0       ?ResetVOIP@@YAXPAUVOIP_STRUCT@@PAUAcs_Evt_t@@@Z 00406fe0 f   VOIP.OBJ
 0001:00005ff0       ?VOIPWork@@YAXPAUVOIP_STRUCT@@PAUAcs_Evt_t@@@Z 00406ff0 f   VOIP.OBJ
 0001:00007300       ?IPToPSTNCallOut@@YAHPAD0PAUDeviceID_t@@PAUVOIP_STRUCT@@@Z 00408300 f   VOIP.OBJ
 0001:00007630       ?T38GatWayWork@@YAHPAUVOIP_STRUCT@@PAUAcs_Evt_t@@@Z 00408630 f   VOIP.OBJ
 0001:00007810       ?RecordEndProcess@@YAXPAUVOIP_STRUCT@@@Z 00408810 f   VOIP.OBJ
 0001:000078b0       ?RefreshMapTable@@YAXXZ    004088b0 f   XMS_Run.obj
 0001:00007b60       ?AddDeviceRes_Interface@@YAXDPAUAcs_Dev_List_Head_t@@@Z 00408b60 f   XMS_Run.obj
 0001:00007ce0       ?AddDeviceRes_VOIP@@YAXDPAUAcs_Dev_List_Head_t@@@Z 00408ce0 f   XMS_Run.obj
 0001:00007e10       ?AddDeviceRes_Voice@@YAXDPAUAcs_Dev_List_Head_t@@@Z 00408e10 f   XMS_Run.obj
 0001:00007f30       ?AddDeviceRes_Fax@@YAXDPAUAcs_Dev_List_Head_t@@@Z 00408f30 f   XMS_Run.obj
 0001:00008040       ?AddDeviceRes_Pcm@@YAXDPAUAcs_Dev_List_Head_t@@@Z 00409040 f   XMS_Run.obj
 0001:00008150       ?AddDeviceRes_Board@@YAXDPAUAcs_Dev_List_Head_t@@@Z 00409150 f   XMS_Run.obj
 0001:000081a0       ?AddDeviceRes@@YAXPAUAcs_Dev_List_Head_t@@@Z 004091a0 f   XMS_Run.obj
 0001:00008250       ?HandleDevState@@YAXPAUAcs_Evt_t@@@Z 00409250 f   XMS_Run.obj
 0001:00008470       ?StartT38Fax@@YAXPAUDeviceID_t@@@Z 00409470 f   XMS_Run.obj
 0001:00008600       ?EvtHandler@@YAXK@Z        00409600 f   XMS_Run.obj
 0001:00008ef0       ?GetString_DeviceMain@@YAPADJ@Z 00409ef0 f   XMS_String.obj
 0001:00008f80       ?GetString_DeviceSub@@YAPADJ@Z 00409f80 f   XMS_String.obj
 0001:00009040       ?GetString_LineState@@YAXPADH@Z 0040a040 f   XMS_String.obj
 0001:00009150       _XMS_ctsOpenDevice@12      0040a150 f   DJAcsAPI:DJAcsAPI.dll
 0001:00009156       _XMS_ctsSendIOData@20      0040a156 f   DJAcsAPI:DJAcsAPI.dll
 0001:0000915c       _XMS_ctsAnswerCallIn@12    0040a15c f   DJAcsAPI:DJAcsAPI.dll
 0001:00009162       _XMS_ctsSetDevTimer@12     0040a162 f   DJAcsAPI:DJAcsAPI.dll
 0001:00009168       _XMS_ctsClearCall@16       0040a168 f   DJAcsAPI:DJAcsAPI.dll
 0001:0000916e       _XMS_ctsAlertCall@12       0040a16e f   DJAcsAPI:DJAcsAPI.dll
 0001:00009174       _XMS_ctsSetParam@20        0040a174 f   DJAcsAPI:DJAcsAPI.dll
 0001:0000917a       _XMS_ctsMakeCallOut@20     0040a17a f   DJAcsAPI:DJAcsAPI.dll
 0001:00009180       _XMS_acsGetDeviceList@8    0040a180 f   DJAcsAPI:DJAcsAPI.dll
 0001:00009186       _XMS_acsSetESR@16          0040a186 f   DJAcsAPI:DJAcsAPI.dll
 0001:0000918c       _XMS_acsOpenStream@28      0040a18c f   DJAcsAPI:DJAcsAPI.dll
 0001:00009192       _XMS_acsCloseStream@8      0040a192 f   DJAcsAPI:DJAcsAPI.dll
 0001:00009198       _XMS_ctsGetDevState@12     0040a198 f   DJAcsAPI:DJAcsAPI.dll
 0001:0000919e       _XMS_ctsResetDevice@12     0040a19e f   DJAcsAPI:DJAcsAPI.dll
 0001:000091a4       _XMS_ctsLinkDevice@16      0040a1a4 f   DJAcsAPI:DJAcsAPI.dll
 0001:000091aa       _XMS_ctsUnlinkDevice@16    0040a1aa f   DJAcsAPI:DJAcsAPI.dll
 0001:000091b0       _XMS_ctsRecord@16          0040a1b0 f   DJAcsAPI:DJAcsAPI.dll
 0001:000091b6       _XMS_ctsStopReceiveFax@12  0040a1b6 f   DJAcsAPI:DJAcsAPI.dll
 0001:000091bc       _XMS_ctsStopSendFax@12     0040a1bc f   DJAcsAPI:DJAcsAPI.dll
 0001:000091c2       _XMS_ctsReceiveFax@24      0040a1c2 f   DJAcsAPI:DJAcsAPI.dll
 0001:000091c8       _XMS_ctsSendFax@24         0040a1c8 f   DJAcsAPI:DJAcsAPI.dll
 0001:000091ce       _XMS_ctsControlRecord@16   0040a1ce f   DJAcsAPI:DJAcsAPI.dll
 0001:000091d4       ??1COccManager@@UAE@XZ     0040a1d4 f i nafxcw:winctrl2.obj
 0001:000091d4       ??1CException@@UAE@XZ      0040a1d4 f i nafxcw:winctrl2.obj
 0001:000091d4       ??1CObject@@UAE@XZ         0040a1d4 f i nafxcw:winctrl2.obj
 0001:000091d4       ??1CNoTrackObject@@UAE@XZ  0040a1d4 f i nafxcw:winctrl2.obj
 0001:000091d5       ??3CObject@@SGXPAX@Z       0040a1d5 f i nafxcw:winctrl2.obj
 0001:000091e2       ??_GCGdiObject@@UAEPAXI@Z  0040a1e2 f i nafxcw:winctrl2.obj
 0001:000091e2       ??_ECGdiObject@@UAEPAXI@Z  0040a1e2 f i nafxcw:winctrl2.obj
 0001:000091fe       ??1CGdiObject@@UAE@XZ      0040a1fe f i nafxcw:winctrl2.obj
 0001:00009227       ?AfxGetMainWnd@@YGPAVCWnd@@XZ 0040a227 f i nafxcw:apphelpx.obj
 0001:0000923b       ??_9@$BME@AE               0040a23b f i nafxcw:dlgcore.obj
 0001:00009243       ??_9@$BMI@AE               0040a243 f i nafxcw:dlgcore.obj
 0001:0000926c       ??1?$CProcessLocal@VCOccManager@@@@QAE@XZ 0040a26c f i nafxcw:occmgr.obj
 0001:00009271       ?AfxEnableControlContainer@@YAXPAVCOccManager@@@Z 0040a271 f   nafxcw:occmgr.obj
 0001:00009298       ?_AfxFindFirstDlgItem@@YGPAUDLGITEMTEMPLATE@@PBUDLGTEMPLATE@@@Z 0040a298 f   nafxcw:occmgr.obj
 0001:0000931e       ?_AfxFindNextDlgItem@@YGPAUDLGITEMTEMPLATE@@PAU1@H@Z 0040a31e f   nafxcw:occmgr.obj
 0001:00009372       ?OnEvent@COccManager@@UAEHPAVCCmdTarget@@IPAUAFX_EVENT@@PAUAFX_CMDHANDLERINFO@@@Z 0040a372 f   nafxcw:occmgr.obj
 0001:0000938a       ?CreateContainer@COccManager@@UAEPAVCOleControlContainer@@PAVCWnd@@@Z 0040a38a f   nafxcw:occmgr.obj
 0001:000093c1       ?CreateSite@COccManager@@UAEPAVCOleControlSite@@PAVCOleControlContainer@@@Z 0040a3c1 f   nafxcw:occmgr.obj
 0001:000093fb       ?PreCreateDialog@COccManager@@UAEPBUDLGTEMPLATE@@PAU_AFX_OCC_DIALOG_INFO@@PBU2@@Z 0040a3fb f   nafxcw:occmgr.obj
 0001:00009445       ?PostCreateDialog@COccManager@@UAEXPAU_AFX_OCC_DIALOG_INFO@@@Z 0040a445 f   nafxcw:occmgr.obj
 0001:00009469       ?SplitDialogTemplate@COccManager@@UAEPAUDLGTEMPLATE@@PBU2@PAPAUDLGITEMTEMPLATE@@@Z 0040a469 f   nafxcw:occmgr.obj
 0001:000095a8       ?CreateDlgControls@COccManager@@UAEHPAVCWnd@@PBDPAU_AFX_OCC_DIALOG_INFO@@@Z 0040a5a8 f   nafxcw:occmgr.obj
 0001:00009603       ?CreateDlgControls@COccManager@@UAEHPAVCWnd@@PAXPAU_AFX_OCC_DIALOG_INFO@@@Z 0040a603 f   nafxcw:occmgr.obj
 0001:0000975e       ?BindControls@COccManager@@IAEXPAVCWnd@@@Z 0040a75e f   nafxcw:occmgr.obj
 0001:00009879       ?CreateDlgControl@COccManager@@IAEPAUHWND__@@PAVCWnd@@PAU2@HPAUDLGITEMTEMPLATE@@GPAEK@Z 0040a879 f   nafxcw:occmgr.obj
 0001:00009b44       ?CreateObject@?$CProcessLocal@VCOccManager@@@@SGPAVCNoTrackObject@@XZ 0040ab44 f i nafxcw:occmgr.obj
 0001:00009b59       ??_ECOccManager@@UAEPAXI@Z 0040ab59 f i nafxcw:occmgr.obj
 0001:00009b59       ??_GCOccManager@@UAEPAXI@Z 0040ab59 f i nafxcw:occmgr.obj
 0001:00009b74       _InitMultipleMonitorStubs  0040ab74 f   nafxcw:wincore.obj
 0001:00009c4c       _xMonitorFromRect@8        0040ac4c f   nafxcw:wincore.obj
 0001:00009ca2       _xMonitorFromWindow@8      0040aca2 f   nafxcw:wincore.obj
 0001:00009d0d       _xGetMonitorInfo@8         0040ad0d f   nafxcw:wincore.obj
 0001:00009da0       ?GetOwner@CWnd@@QBEPAV1@XZ 0040ada0 f i nafxcw:wincore.obj
 0001:00009db7       ??1CWaitCursor@@QAE@XZ     0040adb7 f i nafxcw:wincore.obj
 0001:00009dc4       ??_GCMenu@@UAEPAXI@Z       0040adc4 f i nafxcw:winmenu.obj
 0001:00009dc4       ??_ECMenu@@UAEPAXI@Z       0040adc4 f i nafxcw:winmenu.obj
 0001:00009de0       ??1CMenu@@UAE@XZ           0040ade0 f i nafxcw:winmenu.obj
 0001:00009e09       ??0CResourceException@@QAE@HI@Z 0040ae09 f i nafxcw:wingdi.obj
 0001:00009e33       ??_GCResourceException@@UAEPAXI@Z 0040ae33 f i nafxcw:wingdi.obj
 0001:00009e33       ??_ECResourceException@@UAEPAXI@Z 0040ae33 f i nafxcw:wingdi.obj
 0001:00009e4f       ??1CResourceException@@UAE@XZ 0040ae4f f i nafxcw:wingdi.obj
 0001:00009e56       ??0CUserException@@QAE@HI@Z 0040ae56 f i nafxcw:wingdi.obj
 0001:00009e80       ??_ECUserException@@UAEPAXI@Z 0040ae80 f i nafxcw:wingdi.obj
 0001:00009e80       ??_GCUserException@@UAEPAXI@Z 0040ae80 f i nafxcw:wingdi.obj
 0001:00009e9c       ??1CUserException@@UAE@XZ  0040ae9c f i nafxcw:wingdi.obj
 0001:00009ea3       ?PtVisible@CDC@@UBEHHH@Z   0040aea3 f i nafxcw:wingdi.obj
 0001:00009eb7       ?RectVisible@CDC@@UBEHPBUtagRECT@@@Z 0040aeb7 f i nafxcw:wingdi.obj
 0001:00009ec7       ?TextOutA@CDC@@UAEHHHPBDH@Z 0040aec7 f i nafxcw:wingdi.obj
 0001:00009ee3       ?ExtTextOutA@CDC@@UAEHHHIPBUtagRECT@@PBDIPAH@Z 0040aee3 f i nafxcw:wingdi.obj
 0001:00009f08       ?TabbedTextOutA@CDC@@UAE?AVCSize@@HHPBDHHPAHH@Z 0040af08 f i nafxcw:wingdi.obj
 0001:00009f40       ?DrawTextA@CDC@@UAEHPBDHPAUtagRECT@@I@Z 0040af40 f i nafxcw:wingdi.obj
 0001:00009f5c       ?GrayStringA@CDC@@UAEHPAVCBrush@@P6GHPAUHDC__@@JH@ZJHHHHH@Z 0040af5c f i nafxcw:wingdi.obj
 0001:00009f8c       ?Escape@CDC@@UAEHHHPBDPAX@Z 0040af8c f i nafxcw:wingdi.obj
 0001:00009fa8       ??_ECHandleMap@@UAEPAXI@Z  0040afa8 f i nafxcw:winhand.obj
 0001:00009fa8       ??_GCHandleMap@@UAEPAXI@Z  0040afa8 f i nafxcw:winhand.obj
 0001:00009fc4       ??1CHandleMap@@UAE@XZ      0040afc4 f i nafxcw:winhand.obj
 0001:0000a00c       ??0CFixedAlloc@@QAE@II@Z   0040b00c f   nafxcw:fixalloc.obj
 0001:0000a034       ??1CFixedAlloc@@QAE@XZ     0040b034 f   nafxcw:fixalloc.obj
 0001:0000a048       ?FreeAll@CFixedAlloc@@QAEXXZ 0040b048 f   nafxcw:fixalloc.obj
 0001:0000a070       ?Alloc@CFixedAlloc@@QAEPAXXZ 0040b070 f   nafxcw:fixalloc.obj
 0001:0000a0ff       ?Free@CFixedAlloc@@QAEXPAX@Z 0040b0ff f   nafxcw:fixalloc.obj
 0001:0000a12b       ??0CMemoryException@@QAE@HI@Z 0040b12b f i nafxcw:except.obj
 0001:0000a155       ??_ECMemoryException@@UAEPAXI@Z 0040b155 f i nafxcw:except.obj
 0001:0000a155       ??_GCMemoryException@@UAEPAXI@Z 0040b155 f i nafxcw:except.obj
 0001:0000a171       ??1CMemoryException@@UAE@XZ 0040b171 f i nafxcw:except.obj
 0001:0000a178       ??0CNotSupportedException@@QAE@HI@Z 0040b178 f i nafxcw:except.obj
 0001:0000a1a2       ??_ECNotSupportedException@@UAEPAXI@Z 0040b1a2 f i nafxcw:except.obj
 0001:0000a1a2       ??_GCNotSupportedException@@UAEPAXI@Z 0040b1a2 f i nafxcw:except.obj
 0001:0000a1be       ??1CNotSupportedException@@UAE@XZ 0040b1be f i nafxcw:except.obj
 0001:0000a1c5       ?OnEvent@CCmdTarget@@QAEHIPAUAFX_EVENT@@PAUAFX_CMDHANDLERINFO@@@Z 0040b1c5 f   nafxcw:occevent.obj
 0001:0000a3d7       ?GetEventSinkEntry@CCmdTarget@@IAGPBUAFX_EVENTSINKMAP_ENTRY@@IPAUAFX_EVENT@@@Z 0040b3d7 f   nafxcw:occevent.obj
 0001:0000a44c       ?InitControlContainer@CWnd@@IAEHXZ 0040b44c f   nafxcw:occcont.obj
 0001:0000a4f5       ?GetInterfaceMap@COleControlContainer@@MBEPBUAFX_INTERFACEMAP@@XZ 0040b4f5 f   nafxcw:occcont.obj
 0001:0000a4fb       ?GetDispatchMap@COleControlContainer@@MBEPBUAFX_DISPMAP@@XZ 0040b4fb f   nafxcw:occcont.obj
 0001:0000a501       ??0COleControlContainer@@QAE@PAVCWnd@@@Z 0040b501 f   nafxcw:occcont.obj
 0001:0000a560       ??_GCOleControlContainer@@UAEPAXI@Z 0040b560 f i nafxcw:occcont.obj
 0001:0000a560       ??_ECOleControlContainer@@UAEPAXI@Z 0040b560 f i nafxcw:occcont.obj
 0001:0000a57c       ??1COleControlContainer@@UAE@XZ 0040b57c f   nafxcw:occcont.obj
 0001:0000a65a       ?CreateControl@COleControlContainer@@QAEHPAVCWnd@@ABU_GUID@@PBDKABUtagRECT@@IPAVCFile@@HPAGPAPAVCOleControlSite@@@Z 0040b65a f   nafxcw:occcont.obj
 0001:0000a6bb       ?CreateControl@COleControlContainer@@QAEHPAVCWnd@@ABU_GUID@@PBDKPBUtagPOINT@@PBUtagSIZE@@IPAVCFile@@HPAGPAPAVCOleControlSite@@@Z 0040b6bb f   nafxcw:occcont.obj
 0001:0000a776       ?FindItem@COleControlContainer@@UBEPAVCOleControlSite@@I@Z 0040b776 f   nafxcw:occcont.obj
 0001:0000a7c0       ?GetAmbientProp@COleControlContainer@@UAEHPAVCOleControlSite@@JPAUtagVARIANT@@@Z 0040b7c0 f   nafxcw:occcont.obj
 0001:0000a9c8       ?CreateOleFont@COleControlContainer@@QAEXPAVCFont@@@Z 0040b9c8 f   nafxcw:occcont.obj
 0001:0000ab41       ??_GCFont@@UAEPAXI@Z       0040bb41 f i nafxcw:occcont.obj
 0001:0000ab41       ??_ECFont@@UAEPAXI@Z       0040bb41 f i nafxcw:occcont.obj
 0001:0000ab5d       ??1CFont@@UAE@XZ           0040bb5d f i nafxcw:occcont.obj
 0001:0000ab86       ?FreezeAllEvents@COleControlContainer@@QAEXH@Z 0040bb86 f   nafxcw:occcont.obj
 0001:0000abc7       ?ScrollChildren@COleControlContainer@@UAEXHH@Z 0040bbc7 f   nafxcw:occcont.obj
 0001:0000ac21       ?OnUIActivate@COleControlContainer@@UAEXPAVCOleControlSite@@@Z 0040bc21 f   nafxcw:occcont.obj
 0001:0000ac3f       ?OnUIDeactivate@COleControlContainer@@UAEXPAVCOleControlSite@@@Z 0040bc3f f   nafxcw:occcont.obj
 0001:0000ac4f       ?CheckDlgButton@COleControlContainer@@UAEXHI@Z 0040bc4f f   nafxcw:occcont.obj
 0001:0000ac8c       ?CheckRadioButton@COleControlContainer@@UAEXHHH@Z 0040bc8c f   nafxcw:occcont.obj
 0001:0000acb4       ?GetDlgItem@COleControlContainer@@UBEPAVCWnd@@H@Z 0040bcb4 f   nafxcw:occcont.obj
 0001:0000accf       ?GetDlgItem@COleControlContainer@@UBEXHPAPAUHWND__@@@Z 0040bccf f   nafxcw:occcont.obj
 0001:0000ad0b       ?GetDlgItemInt@COleControlContainer@@UBEIHPAHH@Z 0040bd0b f   nafxcw:occcont.obj
 0001:0000adb9       ?GetDlgItemTextA@COleControlContainer@@UBEHHPADH@Z 0040bdb9 f   nafxcw:occcont.obj
 0001:0000add8       ?SendDlgItemMessageA@COleControlContainer@@UAEJHIIJ@Z 0040bdd8 f   nafxcw:occcont.obj
 0001:0000adfd       ?SetDlgItemInt@COleControlContainer@@UAEXHIH@Z 0040bdfd f   nafxcw:occcont.obj
 0001:0000ae3a       ?SetDlgItemTextA@COleControlContainer@@UAEXHPBD@Z 0040be3a f   nafxcw:occcont.obj
 0001:0000ae55       ?IsDlgButtonChecked@COleControlContainer@@UBEIH@Z 0040be55 f   nafxcw:occcont.obj
 0001:0000aed1       ?QueryInterface@XOleIPFrame@COleControlContainer@@UAGJABU_GUID@@PAPAX@Z 0040bed1 f   nafxcw:occcont.obj
 0001:0000aee8       ?AddRef@XOleIPFrame@COleControlContainer@@UAGKXZ 0040bee8 f   nafxcw:occcont.obj
 0001:0000aef9       ?Release@XOleIPFrame@COleControlContainer@@UAGKXZ 0040bef9 f   nafxcw:occcont.obj
 0001:0000af08       ?GetWindow@XOleIPFrame@COleControlContainer@@UAGJPAPAUHWND__@@@Z 0040bf08 f   nafxcw:occcont.obj
 0001:0000af1d       ?SetBorderSpace@XOleIPFrame@COleControlContainer@@UAGJPBUtagRECT@@@Z 0040bf1d f   nafxcw:occcont.obj
 0001:0000af1d       ?ContextSensitiveHelp@XOleIPSite@COleControlSite@@UAGJH@Z 0040bf1d f   nafxcw:occcont.obj
 0001:0000af1d       ?SetStatusText@XOleIPFrame@COleControlContainer@@UAGJPBG@Z 0040bf1d f   nafxcw:occcont.obj
 0001:0000af1d       ?LockContainer@XOleContainer@COleControlContainer@@UAGJH@Z 0040bf1d f   nafxcw:occcont.obj
 0001:0000af1d       ?ContextSensitiveHelp@XOleIPFrame@COleControlContainer@@UAGJH@Z 0040bf1d f   nafxcw:occcont.obj
 0001:0000af1d       ?GetExtendedControl@XOleControlSite@COleControlSite@@UAGJPAPAUIDispatch@@@Z 0040bf1d f   nafxcw:occcont.obj
 0001:0000af1d       ?GetTypeInfoCount@XAmbientProps@COleControlSite@@UAGJPAI@Z 0040bf1d f   nafxcw:occcont.obj
 0001:0000af1d       ?GetTypeInfoCount@XEventSink@COleControlSite@@UAGJPAI@Z 0040bf1d f   nafxcw:occcont.obj
 0001:0000af1d       ?GetBorder@XOleIPFrame@COleControlContainer@@UAGJPAUtagRECT@@@Z 0040bf1d f   nafxcw:occcont.obj
 0001:0000af1d       ?RemoveMenus@XOleIPFrame@COleControlContainer@@UAGJPAUHMENU__@@@Z 0040bf1d f   nafxcw:occcont.obj
 0001:0000af1d       ?LockInPlaceActive@XOleControlSite@COleControlSite@@UAGJH@Z 0040bf1d f   nafxcw:occcont.obj
 0001:0000af1d       ?RequestBorderSpace@XOleIPFrame@COleControlContainer@@UAGJPBUtagRECT@@@Z 0040bf1d f   nafxcw:occcont.obj
 0001:0000af25       ?SetActiveObject@XOleIPFrame@COleControlContainer@@UAGJPAUIOleInPlaceActiveObject@@PBG@Z 0040bf25 f   nafxcw:occcont.obj
 0001:0000af5c       ?OnShowWindow@XOleClientSite@COleControlSite@@UAGJH@Z 0040bf5c f   nafxcw:occcont.obj
 0001:0000af5c       ?OnFocus@XOleControlSite@COleControlSite@@UAGJH@Z 0040bf5c f   nafxcw:occcont.obj
 0001:0000af5c       ?EnableModeless@XOleIPFrame@COleControlContainer@@UAGJH@Z 0040bf5c f   nafxcw:occcont.obj
 0001:0000af61       ?TranslateAcceleratorA@XOleIPFrame@COleControlContainer@@UAGJPAUtagMSG@@G@Z 0040bf61 f   nafxcw:occcont.obj
 0001:0000af61       ?InsertMenus@XOleIPFrame@COleControlContainer@@UAGJPAUHMENU__@@PAUtagOleMenuGroupWidths@@@Z 0040bf61 f   nafxcw:occcont.obj
 0001:0000af61       ?TranslateAcceleratorA@XOleControlSite@COleControlSite@@UAGJPAUtagMSG@@K@Z 0040bf61 f   nafxcw:occcont.obj
 0001:0000af69       ?GetInterfaceMap@CEnumUnknown@@MBEPBUAFX_INTERFACEMAP@@XZ 0040bf69 f   nafxcw:occcont.obj
 0001:0000af6f       ??1CEnumUnknown@@UAE@XZ    0040bf6f f   nafxcw:occcont.obj
 0001:0000afc5       ??_ECEnumUnknown@@UAEPAXI@Z 0040bfc5 f i nafxcw:occcont.obj
 0001:0000afc5       ??_GCEnumUnknown@@UAEPAXI@Z 0040bfc5 f i nafxcw:occcont.obj
 0001:0000afe1       ?OnNext@CEnumUnknown@@MAEHPAX@Z 0040bfe1 f   nafxcw:occcont.obj
 0001:0000afff       ?QueryInterface@XOleContainer@COleControlContainer@@UAGJABU_GUID@@PAPAX@Z 0040bfff f   nafxcw:occcont.obj
 0001:0000b016       ?Release@XOleContainer@COleControlContainer@@UAGKXZ 0040c016 f   nafxcw:occcont.obj
 0001:0000b025       ?AddRef@XOleContainer@COleControlContainer@@UAGKXZ 0040c025 f   nafxcw:occcont.obj
 0001:0000b036       ?ParseDisplayName@XOleContainer@COleControlContainer@@UAGJPAUIBindCtx@@PAGPAKPAPAUIMoniker@@@Z 0040c036 f   nafxcw:occcont.obj
 0001:0000b03e       ?EnumObjects@XOleContainer@COleControlContainer@@UAGJKPAPAUIEnumUnknown@@@Z 0040c03e f   nafxcw:occcont.obj
 0001:0000b14c       ?GetFont@CWnd@@QBEPAVCFont@@XZ 0040c14c f i nafxcw:occcont.obj
 0001:0000b162       ?GetInterfaceMap@COleControlSite@@MBEPBUAFX_INTERFACEMAP@@XZ 0040c162 f   nafxcw:occsite.obj
 0001:0000b168       ??0COleControlSite@@QAE@PAVCOleControlContainer@@@Z 0040c168 f   nafxcw:occsite.obj
 0001:0000b26f       ??_ECOleControlSite@@UAEPAXI@Z 0040c26f f i nafxcw:occsite.obj
 0001:0000b26f       ??_GCOleControlSite@@UAEPAXI@Z 0040c26f f i nafxcw:occsite.obj
 0001:0000b28b       ??1COleControlSite@@UAE@XZ 0040c28b f   nafxcw:occsite.obj
 0001:0000b3b7       ?SetExtent@COleControlSite@@IAEHXZ 0040c3b7 f   nafxcw:occsite.obj
 0001:0000b45f       ?CreateControl@COleControlSite@@QAEJPAVCWnd@@ABU_GUID@@PBDKPBUtagPOINT@@PBUtagSIZE@@IPAVCFile@@HPAG@Z 0040c45f f   nafxcw:occsite.obj
 0001:0000b6fc       ?DestroyControl@COleControlSite@@UAEHXZ 0040c6fc f   nafxcw:occsite.obj
 0001:0000b72b       ?_AfxCoCreateInstanceLic@@YGJABU_GUID@@PAUIUnknown@@K0PAPAXPAG@Z 0040c72b f   nafxcw:occsite.obj
 0001:0000b7b8       ?QuickActivate@COleControlSite@@UAEHXZ 0040c7b8 f   nafxcw:occsite.obj
 0001:0000b959       ?CreateOrLoad@COleControlSite@@IAEJABU_GUID@@PAVCFile@@HPAG@Z 0040c959 f   nafxcw:occsite.obj
 0001:0000bc63       ?GetID@COleControlSite@@QAEIXZ 0040cc63 f   nafxcw:occsite.obj
 0001:0000bc63       ?GetDlgCtrlID@COleControlSite@@UBEHXZ 0040cc63 f   nafxcw:occsite.obj
 0001:0000bc67       ?DoVerb@COleControlSite@@UAEJJPAUtagMSG@@@Z 0040cc67 f   nafxcw:occsite.obj
 0001:0000bc93       ?IsDefaultButton@COleControlSite@@QAEHXZ 0040cc93 f   nafxcw:occsite.obj
 0001:0000bca4       ?GetDefBtnCode@COleControlSite@@QAEKXZ 0040cca4 f   nafxcw:occsite.obj
 0001:0000bcbc       ?SetDefaultButton@COleControlSite@@QAEXH@Z 0040ccbc f   nafxcw:occsite.obj
 0001:0000bd0c       ?ConnectSink@COleControlSite@@IAEKABU_GUID@@PAUIUnknown@@@Z 0040cd0c f   nafxcw:occsite.obj
 0001:0000bd74       ?DisconnectSink@COleControlSite@@IAEXABU_GUID@@K@Z 0040cd74 f   nafxcw:occsite.obj
 0001:0000bdd2       ?GetEventIID@COleControlSite@@QAEHPAU_GUID@@@Z 0040cdd2 f   nafxcw:occsite.obj
 0001:0000bf4c       ?GetControlInfo@COleControlSite@@QAEXXZ 0040cf4c f   nafxcw:occsite.obj
 0001:0000bf9a       ?IsMatchingMnemonic@COleControlSite@@QAEHPAUtagMSG@@@Z 0040cf9a f   nafxcw:occsite.obj
 0001:0000c03d       ?SendMnemonic@COleControlSite@@QAEXPAUtagMSG@@@Z 0040d03d f   nafxcw:occsite.obj
 0001:0000c085       ?FreezeEvents@COleControlSite@@QAEXH@Z 0040d085 f   nafxcw:occsite.obj
 0001:0000c0bb       ?AttachWindow@COleControlSite@@IAEXXZ 0040d0bb f   nafxcw:occsite.obj
 0001:0000c0f8       ?DetachWindow@COleControlSite@@IAEXXZ 0040d0f8 f   nafxcw:occsite.obj
 0001:0000c146       ?OnEvent@COleControlSite@@IAEHPAUAFX_EVENT@@@Z 0040d146 f   nafxcw:occsite.obj
 0001:0000c183       ?InvokeHelperV@COleControlSite@@UAEXJGGPAXPBEPAD@Z 0040d183 f   nafxcw:occsite.obj
 0001:0000c1d9       ?SetPropertyV@COleControlSite@@UAEXJGPAD@Z 0040d1d9 f   nafxcw:occsite.obj
 0001:0000c234       ?InvokeHelper@COleControlSite@@UAAXJGGPAXPBEZZ 0040d234 f   nafxcw:occsite.obj
 0001:0000c254       ?GetProperty@COleControlSite@@UBEXJGPAX@Z 0040d254 f   nafxcw:occsite.obj
 0001:0000c270       ?SetProperty@COleControlSite@@UAAXJGZZ 0040d270 f   nafxcw:occsite.obj
 0001:0000c287       ?SafeSetProperty@COleControlSite@@UAAHJGZZ 0040d287 f   nafxcw:occsite.obj
 0001:0000c2da       ?GetStyle@COleControlSite@@UBEKXZ 0040d2da f   nafxcw:occsite.obj
 0001:0000c390       ?GetExStyle@COleControlSite@@UBEKXZ 0040d390 f   nafxcw:occsite.obj
 0001:0000c3f8       ?ModifyStyle@COleControlSite@@UAEHKKI@Z 0040d3f8 f   nafxcw:occsite.obj
 0001:0000c488       ?ModifyStyleEx@COleControlSite@@UAEHKKI@Z 0040d488 f   nafxcw:occsite.obj
 0001:0000c4d8       ?SetWindowTextA@COleControlSite@@UAEXPBD@Z 0040d4d8 f   nafxcw:occsite.obj
 0001:0000c50b       ?GetWindowTextA@COleControlSite@@UBEXAAVCString@@@Z 0040d50b f   nafxcw:occsite.obj
 0001:0000c57a       ?GetWindowTextA@COleControlSite@@UBEHPADH@Z 0040d57a f   nafxcw:occsite.obj
 0001:0000c5d5       ?GetWindowTextLengthA@COleControlSite@@UBEHXZ 0040d5d5 f   nafxcw:occsite.obj
 0001:0000c61a       ?SetDlgCtrlID@COleControlSite@@UAEHH@Z 0040d61a f   nafxcw:occsite.obj
 0001:0000c627       ?MoveWindow@COleControlSite@@UAEXHHHHH@Z 0040d627 f   nafxcw:occsite.obj
 0001:0000c6a1       ?SetWindowPos@COleControlSite@@UAEHPBVCWnd@@HHHHI@Z 0040d6a1 f   nafxcw:occsite.obj
 0001:0000c756       ?ShowWindow@COleControlSite@@UAEHH@Z 0040d756 f   nafxcw:occsite.obj
 0001:0000c795       ?IsWindowEnabled@COleControlSite@@UBEHXZ 0040d795 f   nafxcw:occsite.obj
 0001:0000c7e3       ?EnableWindow@COleControlSite@@UAEHH@Z 0040d7e3 f   nafxcw:occsite.obj
 0001:0000c84c       ?SetFocus@COleControlSite@@UAEPAVCWnd@@XZ 0040d84c f   nafxcw:occsite.obj
 0001:0000c885       ?EnableDSC@COleControlSite@@UAEXXZ 0040d885 f   nafxcw:occsite.obj
 0001:0000c8d9       ?BindDefaultProperty@COleControlSite@@UAEXJGPBDPAVCWnd@@@Z 0040d8d9 f   nafxcw:occsite.obj
 0001:0000c97b       ?BindProperty@COleControlSite@@UAEXJPAVCWnd@@@Z 0040d97b f   nafxcw:occsite.obj
 0001:0000ca91       ?AddRef@XOleClientSite@COleControlSite@@UAGKXZ 0040da91 f   nafxcw:occsite.obj
 0001:0000caa4       ?Release@XOleClientSite@COleControlSite@@UAGKXZ 0040daa4 f   nafxcw:occsite.obj
 0001:0000cab6       ?QueryInterface@XOleClientSite@COleControlSite@@UAGJABU_GUID@@PAPAX@Z 0040dab6 f   nafxcw:occsite.obj
 0001:0000cad0       ?ShowPropertyFrame@XOleControlSite@COleControlSite@@UAGJXZ 0040dad0 f   nafxcw:occsite.obj
 0001:0000cad0       ?RequestNewObjectLayout@XOleClientSite@COleControlSite@@UAGJXZ 0040dad0 f   nafxcw:occsite.obj
 0001:0000cad0       ?SaveObject@XOleClientSite@COleControlSite@@UAGJXZ 0040dad0 f   nafxcw:occsite.obj
 0001:0000cad8       ?SetMenu@XOleIPFrame@COleControlContainer@@UAGJPAUHMENU__@@PAXPAUHWND__@@@Z 0040dad8 f   nafxcw:occsite.obj
 0001:0000cad8       ?GetTypeInfo@XEventSink@COleControlSite@@UAGJIKPAPAUITypeInfo@@@Z 0040dad8 f   nafxcw:occsite.obj
 0001:0000cad8       ?GetTypeInfo@XAmbientProps@COleControlSite@@UAGJIKPAPAUITypeInfo@@@Z 0040dad8 f   nafxcw:occsite.obj
 0001:0000cad8       ?GetMoniker@XOleClientSite@COleControlSite@@UAGJKKPAPAUIMoniker@@@Z 0040dad8 f   nafxcw:occsite.obj
 0001:0000cae0       ?GetContainer@XOleClientSite@COleControlSite@@UAGJPAPAUIOleContainer@@@Z 0040dae0 f   nafxcw:occsite.obj
 0001:0000cafb       ?ShowObject@XOleClientSite@COleControlSite@@UAGJXZ 0040dafb f   nafxcw:occsite.obj
 0001:0000cb0f       ?AddRef@XOleIPSite@COleControlSite@@UAGKXZ 0040db0f f   nafxcw:occsite.obj
 0001:0000cb22       ?Release@XOleIPSite@COleControlSite@@UAGKXZ 0040db22 f   nafxcw:occsite.obj
 0001:0000cb34       ?QueryInterface@XOleIPSite@COleControlSite@@UAGJABU_GUID@@PAPAX@Z 0040db34 f   nafxcw:occsite.obj
 0001:0000cb4e       ?GetWindow@XOleIPSite@COleControlSite@@UAGJPAPAUHWND__@@@Z 0040db4e f   nafxcw:occsite.obj
 0001:0000cb79       ?OnUIActivate@XOleIPSite@COleControlSite@@UAGJXZ 0040db79 f   nafxcw:occsite.obj
 0001:0000cb90       ?GetWindowContext@XOleIPSite@COleControlSite@@UAGJPAPAUIOleInPlaceFrame@@PAPAUIOleInPlaceUIWindow@@PAUtagRECT@@2PAUtagOIFI@@@Z 0040db90 f   nafxcw:occsite.obj
 0001:0000cc08       ?Scroll@XOleIPSite@COleControlSite@@UAGJUtagSIZE@@@Z 0040dc08 f   nafxcw:occsite.obj
 0001:0000cc0e       ?OnUIDeactivate@XOleIPSite@COleControlSite@@UAGJH@Z 0040dc0e f   nafxcw:occsite.obj
 0001:0000cc25       ?OnInPlaceDeactivate@XOleIPSite@COleControlSite@@UAGJXZ 0040dc25 f   nafxcw:occsite.obj
 0001:0000cc39       ?DeactivateAndUndo@XOleIPSite@COleControlSite@@UAGJXZ 0040dc39 f   nafxcw:occsite.obj
 0001:0000cc4b       ?OnPosRectChange@XOleIPSite@COleControlSite@@UAGJPBUtagRECT@@@Z 0040dc4b f   nafxcw:occsite.obj
 0001:0000cc9e       ?AddRef@XOleControlSite@COleControlSite@@UAGKXZ 0040dc9e f   nafxcw:occsite.obj
 0001:0000ccb1       ?Release@XOleControlSite@COleControlSite@@UAGKXZ 0040dcb1 f   nafxcw:occsite.obj
 0001:0000ccc3       ?QueryInterface@XOleControlSite@COleControlSite@@UAGJABU_GUID@@PAPAX@Z 0040dcc3 f   nafxcw:occsite.obj
 0001:0000ccdd       ?OnControlInfoChanged@XOleControlSite@COleControlSite@@UAGJXZ 0040dcdd f   nafxcw:occsite.obj
 0001:0000ccf1       ?TransformCoords@XOleControlSite@COleControlSite@@UAGJPAU_POINTL@@PAUtagPOINTF@@K@Z 0040dcf1 f   nafxcw:occsite.obj
 0001:0000cdf3       ?AddRef@XAmbientProps@COleControlSite@@UAGKXZ 0040ddf3 f   nafxcw:occsite.obj
 0001:0000ce06       ?Release@XAmbientProps@COleControlSite@@UAGKXZ 0040de06 f   nafxcw:occsite.obj
 0001:0000ce18       ?QueryInterface@XAmbientProps@COleControlSite@@UAGJABU_GUID@@PAPAX@Z 0040de18 f   nafxcw:occsite.obj
 0001:0000ce32       ?Invoke@XAmbientProps@COleControlSite@@UAGJJABU_GUID@@KGPAUtagDISPPARAMS@@PAUtagVARIANT@@PAUtagEXCEPINFO@@PAI@Z 0040de32 f   nafxcw:occsite.obj
 0001:0000ce63       ?QueryInterface@XPropertyNotifySink@COleControlSite@@UAGJABU_GUID@@PAPAX@Z 0040de63 f   nafxcw:occsite.obj
 0001:0000cead       ?AddRef@XEventSink@COleControlSite@@UAGKXZ 0040dead f   nafxcw:occsite.obj
 0001:0000cead       ?AddRef@XPropertyNotifySink@COleControlSite@@UAGKXZ 0040dead f   nafxcw:occsite.obj
 0001:0000cead       ?AddRef@XNotifyDBEvents@COleControlSite@@UAGKXZ 0040dead f   nafxcw:occsite.obj
 0001:0000cead       ?AddRef@XRowsetNotify@COleControlSite@@UAGKXZ 0040dead f   nafxcw:occsite.obj
 0001:0000ceb3       ?OnChanged@XPropertyNotifySink@COleControlSite@@UAGJJ@Z 0040deb3 f   nafxcw:occsite.obj
 0001:0000cfc9       ?OnRequestEdit@XPropertyNotifySink@COleControlSite@@UAGJJ@Z 0040dfc9 f   nafxcw:occsite.obj
 0001:0000d01e       ?QueryInterface@XEventSink@COleControlSite@@UAGJABU_GUID@@PAPAX@Z 0040e01e f   nafxcw:occsite.obj
 0001:0000d082       ?GetIDsOfNames@XAmbientProps@COleControlSite@@UAGJABU_GUID@@PAPAGIKPAJ@Z 0040e082 f   nafxcw:occsite.obj
 0001:0000d082       ?GetIDsOfNames@XEventSink@COleControlSite@@UAGJABU_GUID@@PAPAGIKPAJ@Z 0040e082 f   nafxcw:occsite.obj
 0001:0000d08a       ?Invoke@XEventSink@COleControlSite@@UAGJJABU_GUID@@KGPAUtagDISPPARAMS@@PAUtagVARIANT@@PAUtagEXCEPINFO@@PAI@Z 0040e08a f   nafxcw:occsite.obj
 0001:0000d0df       ??0CDataSourceControl@@QAE@PAVCOleControlSite@@@Z 0040e0df f   nafxcw:occsite.obj
 0001:0000d12d       ??1CDataSourceControl@@QAE@XZ 0040e12d f   nafxcw:occsite.obj
 0001:0000d30d       ?ReleaseAccessors@CAccessorBase@ATL@@QAEJPAUIUnknown@@@Z 0040e30d f i nafxcw:occsite.obj
 0001:0000d394       ??1CRowset@ATL@@QAE@XZ     0040e394 f i nafxcw:occsite.obj
 0001:0000d3df       ?Close@CRowset@ATL@@QAEXXZ 0040e3df f i nafxcw:occsite.obj
 0001:0000d40e       ?ReleaseRows@CRowset@ATL@@QAEJXZ 0040e40e f i nafxcw:occsite.obj
 0001:0000d42e       ?Close@CDynamicAccessor@ATL@@QAEXXZ 0040e42e f i nafxcw:occsite.obj
 0001:0000d468       ?Initialize@CDataSourceControl@@QAEJXZ 0040e468 f   nafxcw:occsite.obj
 0001:0000d60a       ?GetCursor@CDataSourceControl@@UAEPAUIUnknown@@XZ 0040e60a f   nafxcw:occsite.obj
 0001:0000d673       ?GetMetaData@CDataSourceControl@@QAEJXZ 0040e673 f   nafxcw:occsite.obj
 0001:0000d993       ??0CRowset@ATL@@QAE@PAUIRowset@@@Z 0040e993 f i nafxcw:occsite.obj
 0001:0000d9e4       ?MoveFirst@CRowset@ATL@@QAEJXZ 0040e9e4 f i nafxcw:occsite.obj
 0001:0000da07       ?MoveNext@CRowset@ATL@@QAEJJ_N@Z 0040ea07 f i nafxcw:occsite.obj
 0001:0000da60       ?GetData@CRowset@ATL@@QAEJXZ 0040ea60 f i nafxcw:occsite.obj
 0001:0000da94       ?GetData@CRowset@ATL@@QAEJH@Z 0040ea94 f i nafxcw:occsite.obj
 0001:0000dab7       ?SetupOptionalRowsetInterfaces@CRowset@ATL@@QAEXXZ 0040eab7 f i nafxcw:occsite.obj
 0001:0000dacc       ?BindColumns@CDynamicAccessor@ATL@@QAEJPAUIUnknown@@@Z 0040eacc f i nafxcw:occsite.obj
 0001:0000dd7d       ?AllocateAccessorMemory@CAccessorBase@ATL@@QAEJH@Z 0040ed7d f i nafxcw:occsite.obj
 0001:0000ddd9       ?BindEntries@CAccessorBase@ATL@@SAJPAUtagDBBINDING@@HPAKKPAUIAccessor@@@Z 0040edd9 f i nafxcw:occsite.obj
 0001:0000de23       ?Bind@CAccessorBase@ATL@@SAXPAUtagDBBINDING@@KGKEEKKKKPAUtagDBOBJECT@@@Z 0040ee23 f i nafxcw:occsite.obj
 0001:0000dea2       ?CopyColumnID@CDataSourceControl@@QAEHPAUtagDBCOLUMNID@@PBU2@@Z 0040eea2 f   nafxcw:occsite.obj
 0001:0000df0e       ?BindProp@CDataSourceControl@@UAEXPAVCOleControlSite@@H@Z 0040ef0e f   nafxcw:occsite.obj
 0001:0000e04a       ?TranslateColumnNo@CDynamicAccessor@ATL@@QBE_NAAK@Z 0040f04a f i nafxcw:occsite.obj
 0001:0000e09d       ?BindProp@CDataSourceControl@@UAEXPAVCDataBoundProperty@@H@Z 0040f09d f   nafxcw:occsite.obj
 0001:0000e0e5       ?BindColumns@CDataSourceControl@@UAEXXZ 0040f0e5 f   nafxcw:occsite.obj
 0001:0000e28f       ?GetBoundClientRow@CDataSourceControl@@QAEJXZ 0040f28f f   nafxcw:occsite.obj
 0001:0000e2ec       ?ToVariant@CDataSourceControl@@QAE?AVCOleVariant@@H@Z 0040f2ec f   nafxcw:occsite.obj
 0001:0000ea68       ?GetStatus@CDynamicAccessor@ATL@@QBE_NKPAK@Z 0040fa68 f i nafxcw:occsite.obj
 0001:0000eaac       ?_GetDataPtr@CDynamicAccessor@ATL@@QBEPAXK@Z 0040faac f i nafxcw:occsite.obj
 0001:0000eac3       ?UpdateControls@CDataSourceControl@@UAEJXZ 0040fac3 f   nafxcw:occsite.obj
 0001:0000ec58       ?UpdateCursor@CDataSourceControl@@UAEJXZ 0040fc58 f   nafxcw:occsite.obj
 0001:0000f59b       ?SetData@CRowset@ATL@@QBEJXZ 0041059b f i nafxcw:occsite.obj
 0001:0000f5c3       ?SetData@CRowset@ATL@@QBEJH@Z 004105c3 f i nafxcw:occsite.obj
 0001:0000f5f2       ??1CManualAccessor@ATL@@QAE@XZ 004105f2 f i nafxcw:occsite.obj
 0001:0000f609       ?CreateAccessor@CManualAccessor@ATL@@QAEJHPAXK@Z 00410609 f i nafxcw:occsite.obj
 0001:0000f680       ?AddBindEntry@CManualAccessor@ATL@@QAEXKGKPAX00@Z 00410680 f i nafxcw:occsite.obj
 0001:0000f6d4       ?BindColumns@CManualAccessor@ATL@@QAEJPAUIUnknown@@@Z 004106d4 f i nafxcw:occsite.obj
 0001:0000f76c       ??0CDataBoundProperty@@QAE@PAV0@JG@Z 0041076c f   nafxcw:occsite.obj
 0001:0000f792       ?SetClientSite@CDataBoundProperty@@QAEXPAVCOleControlSite@@@Z 00410792 f   nafxcw:occsite.obj
 0001:0000f79b       ?SetDSCSite@CDataBoundProperty@@QAEXPAVCOleControlSite@@@Z 0041079b f   nafxcw:occsite.obj
 0001:0000f7af       ?GetNext@CDataBoundProperty@@QAEPAV1@XZ 004107af f   nafxcw:occsite.obj
 0001:0000f7b3       ?Notify@CDataBoundProperty@@QAEXXZ 004107b3 f   nafxcw:occsite.obj
 0001:0000f836       ?GetCursor@CDataBoundProperty@@QAEPAUIUnknown@@XZ 00410836 f   nafxcw:occsite.obj
 0001:0000f86c       ?GetCursor@COleControlSite@@IAEJJPAPAUIUnknown@@PAPAX@Z 0041086c f   nafxcw:occsite.obj
 0001:0000f8a3       ?AddRef@XBoundObjectSite@COleControlSite@@UAGKXZ 004108a3 f   nafxcw:occsite.obj
 0001:0000f8b5       ?Release@XBoundObjectSite@COleControlSite@@UAGKXZ 004108b5 f   nafxcw:occsite.obj
 0001:0000f8c7       ?QueryInterface@XBoundObjectSite@COleControlSite@@UAGJABU_GUID@@PAPAX@Z 004108c7 f   nafxcw:occsite.obj
 0001:0000f8e1       ?GetCursor@XBoundObjectSite@COleControlSite@@UAGJJPAPAUICursor@@PAPAX@Z 004108e1 f   nafxcw:occsite.obj
 0001:0000f8ff       ?QueryInterface@XNotifyDBEvents@COleControlSite@@UAGJABU_GUID@@PAPAX@Z 004108ff f   nafxcw:occsite.obj
 0001:0000f949       ?OKToDo@XNotifyDBEvents@COleControlSite@@UAGJKKQAUtagDBNOTIFYREASON@@@Z 00410949 f   nafxcw:occsite.obj
 0001:0000f9a5       ?Cancelled@XNotifyDBEvents@COleControlSite@@UAGJKKQAUtagDBNOTIFYREASON@@@Z 004109a5 f   nafxcw:occsite.obj
 0001:0000f9c5       ?SyncBefore@XNotifyDBEvents@COleControlSite@@UAGJKKQAUtagDBNOTIFYREASON@@@Z 004109c5 f   nafxcw:occsite.obj
 0001:0000fa0f       ?AboutToDo@XNotifyDBEvents@COleControlSite@@UAGJKKQAUtagDBNOTIFYREASON@@@Z 00410a0f f   nafxcw:occsite.obj
 0001:0000fa2f       ?FailedToDo@XNotifyDBEvents@COleControlSite@@UAGJKKQAUtagDBNOTIFYREASON@@@Z 00410a2f f   nafxcw:occsite.obj
 0001:0000fa4f       ?SyncAfter@XNotifyDBEvents@COleControlSite@@UAGJKKQAUtagDBNOTIFYREASON@@@Z 00410a4f f   nafxcw:occsite.obj
 0001:0000fab8       ?DidEvent@XNotifyDBEvents@COleControlSite@@UAGJKKQAUtagDBNOTIFYREASON@@@Z 00410ab8 f   nafxcw:occsite.obj
 0001:0000fb06       ?FireEvent@XNotifyDBEvents@COleControlSite@@QAEJKKQAUtagDBNOTIFYREASON@@W4DSCSTATE@@@Z 00410b06 f   nafxcw:occsite.obj
 0001:0000fbca       ?CanInPlaceActivate@XOleIPSite@COleControlSite@@UAGJXZ 00410bca f   nafxcw:occsite.obj
 0001:0000fbca       ?Release@XNotifyDBEvents@COleControlSite@@UAGKXZ 00410bca f   nafxcw:occsite.obj
 0001:0000fbca       ?OnInPlaceActivate@XOleIPSite@COleControlSite@@UAGJXZ 00410bca f   nafxcw:occsite.obj
 0001:0000fbca       ?Release@XEventSink@COleControlSite@@UAGKXZ 00410bca f   nafxcw:occsite.obj
 0001:0000fbca       ?DiscardUndoState@XOleIPSite@COleControlSite@@UAGJXZ 00410bca f   nafxcw:occsite.obj
 0001:0000fbca       ?Release@XPropertyNotifySink@COleControlSite@@UAGKXZ 00410bca f   nafxcw:occsite.obj
 0001:0000fbca       ?Release@XRowsetNotify@COleControlSite@@UAGKXZ 00410bca f   nafxcw:occsite.obj
 0001:0000fbcf       ?QueryInterface@XRowsetNotify@COleControlSite@@UAGJABU_GUID@@PAPAX@Z 00410bcf f   nafxcw:occsite.obj
 0001:0000fc19       ?OnFieldChange@XRowsetNotify@COleControlSite@@UAGJPAUIRowset@@KKQAKKKH@Z 00410c19 f   nafxcw:occsite.obj
 0001:0000fcaa       ?OnRowChange@XRowsetNotify@COleControlSite@@UAGJPAUIRowset@@KQBKKKH@Z 00410caa f   nafxcw:occsite.obj
 0001:0000fdbf       ?OnRowsetChange@XRowsetNotify@COleControlSite@@UAGJPAUIRowset@@KKH@Z 00410dbf f   nafxcw:occsite.obj
 0001:0000fe39       ??1?$CComPtr@UIRowset@@@ATL@@QAE@XZ 00410e39 f i nafxcw:occsite.obj
 0001:0000fe39       ??1?$CComPtr@UIColumnsInfo@@@ATL@@QAE@XZ 00410e39 f i nafxcw:occsite.obj
 0001:0000fe39       ??1?$CComPtr@UIRowsetChange@@@ATL@@QAE@XZ 00410e39 f i nafxcw:occsite.obj
 0001:0000fe39       ??1?$CComPtr@UIAccessor@@@ATL@@QAE@XZ 00410e39 f i nafxcw:occsite.obj
 0001:0000fe46       ?AtlComPtrAssign@ATL@@YGPAUIUnknown@@PAPAU2@PAU2@@Z 00410e46 f i nafxcw:occsite.obj
 0001:0000fe6f       ??1COleDispatchDriver@@QAE@XZ 00410e6f f i nafxcw:occsite.obj
 0001:0000fe74       ??1COleVariant@@QAE@XZ     00410e74 f i nafxcw:occsite.obj
 0001:0000fe7c       ??0AFX_EVENT@@QAE@H@Z      00410e7c f i nafxcw:occsite.obj
 0001:0000fe9f       ?SetFilePath@CFile@@UAEXPBD@Z 00410e9f f i nafxcw:filemem.obj
 0001:0000feae       ?_AfxGetDlgCode@@YGKPAVCWnd@@PAUtagMSG@@@Z 00410eae f   nafxcw:occdlg.obj
 0001:0000fedc       ?_AfxDlgSetFocus@@YGXPAVCWnd@@@Z 00410edc f   nafxcw:occdlg.obj
 0001:0000ff0a       ?_AfxGetChildControl@@YGPAVCWnd@@PAV1@0@Z 00410f0a f   nafxcw:occdlg.obj
 0001:0000ff63       ?_AfxNextControl@@YGPAVCWnd@@PAV1@0I@Z 00410f63 f   nafxcw:occdlg.obj
 0001:0001003f       ?IsMatchingMnemonic@COccManager@@SAHPAVCWnd@@PAUtagMSG@@@Z 0041103f f   nafxcw:occdlg.obj
 0001:0001005e       ?_AfxFindNextMnem@@YGPAVCWnd@@PAV1@0PAUtagMSG@@@Z 0041105e f   nafxcw:occdlg.obj
 0001:000100e3       ?IsLabelControl@COccManager@@SAHPAVCWnd@@@Z 004110e3 f   nafxcw:occdlg.obj
 0001:00010109       ?_AfxGetNextMnem@@YGPAVCWnd@@PAV1@0PAUtagMSG@@@Z 00411109 f   nafxcw:occdlg.obj
 0001:0001017e       ?UIActivateControl@COccManager@@KAXPAVCWnd@@@Z 0041117e f   nafxcw:occdlg.obj
 0001:000101db       ?UIDeactivateIfNecessary@COccManager@@KAXPAVCWnd@@0@Z 004111db f   nafxcw:occdlg.obj
 0001:0001024e       ?_AfxFindDlgItem@@YGPAVCWnd@@PAV1@K@Z 0041124e f   nafxcw:occdlg.obj
 0001:000102a5       ?SetDefaultButton@COccManager@@SAXPAVCWnd@@H@Z 004112a5 f   nafxcw:occdlg.obj
 0001:000102f2       ?GetDefBtnCode@COccManager@@SAKPAVCWnd@@@Z 004112f2 f   nafxcw:occdlg.obj
 0001:00010313       ?_AfxRemoveDefaultButton@@YGXPAVCWnd@@0@Z 00411313 f   nafxcw:occdlg.obj
 0001:00010375       ?_AfxOriginalDefButton@@YGHPAVCWnd@@@Z 00411375 f   nafxcw:occdlg.obj
 0001:000103a2       ?_AfxCheckDefPushButton@@YGXPAVCWnd@@00@Z 004113a2 f   nafxcw:occdlg.obj
 0001:0001048f       ?IsDialogMessageA@COccManager@@UAEHPAVCWnd@@PAUtagMSG@@@Z 0041148f f   nafxcw:occdlg.obj
 0001:0001087a       ??_GCFileException@@UAEPAXI@Z 0041187a f i nafxcw:filecore.obj
 0001:0001087a       ??_ECFileException@@UAEPAXI@Z 0041187a f i nafxcw:filecore.obj
 0001:00010896       ??1CFileException@@UAE@XZ  00411896 f i nafxcw:filecore.obj
 0001:000108c2       ?AfxCheckError@@YGXJ@Z     004118c2 f   nafxcw:olevar.obj
 0001:000108e1       ??0COleVariant@@QAE@ABUtagVARIANT@@@Z 004118e1 f   nafxcw:olevar.obj
 0001:000108e1       ??0COleVariant@@QAE@ABV0@@Z 004118e1 f   nafxcw:olevar.obj
 0001:000108e1       ??0COleVariant@@QAE@PBUtagVARIANT@@@Z 004118e1 f   nafxcw:olevar.obj
 0001:00010901       ??0COleVariant@@QAE@PBDG@Z 00411901 f   nafxcw:olevar.obj
 0001:0001097c       ??0COleVariant@@QAE@FG@Z   0041197c f   nafxcw:olevar.obj
 0001:000109b2       ??0COleVariant@@QAE@JG@Z   004119b2 f   nafxcw:olevar.obj
 0001:000109f4       ?ChangeType@COleVariant@@QAEXGPAUtagVARIANT@@@Z 004119f4 f   nafxcw:olevar.obj
 0001:00010a1f       ??4COleVariant@@QAEABV0@ABV0@@Z 00411a1f f   nafxcw:olevar.obj
 0001:00010a1f       ??4COleVariant@@QAEABV0@ABUtagVARIANT@@@Z 00411a1f f   nafxcw:olevar.obj
 0001:00010a39       ?AfxVariantInit@@YGXPAUtagVARIANT@@@Z 00411a39 f   nafxcw:olevar.obj
 0001:00010a4c       ?_AfxOleDateFromTm@@YGHGGGGGGAAN@Z 00411a4c f   nafxcw:olevar.obj
 0001:00010b89       ?SetDateTime@COleDateTime@@QAEHHHHHHH@Z 00411b89 f   nafxcw:olevar.obj
 0001:00010bb4       ??_GCOleException@@UAEPAXI@Z 00411bb4 f i nafxcw:olemisc.obj
 0001:00010bb4       ??_ECOleException@@UAEPAXI@Z 00411bb4 f i nafxcw:olemisc.obj
 0001:00010bd0       ??1COleException@@UAE@XZ   00411bd0 f i nafxcw:olemisc.obj
 0001:00010bd7       ?AfxOleUnlockAllControls@@YGXXZ 00411bd7 f   nafxcw:occlock.obj
 0001:00010c13       _sprintf                   00411c13 f   libcmt:sprintf.obj
 0001:00010c70       _strncpy                   00411c70 f   libcmt:strncpy.obj
 0001:00010d6e       _fflush                    00411d6e f   libcmt:fflush.obj
 0001:00010d9d       __fflush_lk                00411d9d f   libcmt:fflush.obj
 0001:00010dcb       __flush                    00411dcb f   libcmt:fflush.obj
 0001:00010e27       __flushall                 00411e27 f   libcmt:fflush.obj
 0001:00010ed4       _fwrite                    00411ed4 f   libcmt:fwrite.obj
 0001:00010f03       __fwrite_lk                00411f03 f   libcmt:fwrite.obj
 0001:0001100d       ?_JumpToContinuation@@YGXPAXPAUEHRegistrationNode@@@Z 0041200d f   libcmt:trnsctrl.obj
 0001:00011041       ?_CallMemberFunction1@@YGXPAX00@Z 00412041 f   libcmt:trnsctrl.obj
 0001:00011041       ?_CallMemberFunction0@@YGXPAX0@Z 00412041 f   libcmt:trnsctrl.obj
 0001:00011048       ?_CallMemberFunction2@@YGXPAX00H@Z 00412048 f   libcmt:trnsctrl.obj
 0001:0001104f       ?_UnwindNestedFrames@@YGXPAUEHRegistrationNode@@PAUEHExceptionRecord@@@Z 0041204f f   libcmt:trnsctrl.obj
 0001:0001109e       ___CxxFrameHandler         0041209e f   libcmt:trnsctrl.obj
 0001:000110d4       ?_CallCatchBlock2@@YAPAXPAUEHRegistrationNode@@PBU_s_FuncInfo@@PAXHK@Z 004120d4 f   libcmt:trnsctrl.obj
 0001:0001114d       ?_CallSETranslator@@YAHPAUEHExceptionRecord@@PAUEHRegistrationNode@@PAX2PBU_s_FuncInfo@@H1@Z 0041214d f   libcmt:trnsctrl.obj
 0001:00011278       ?_GetRangeOfTrysToCheck@@YAPBU_s_TryBlockMapEntry@@PBU_s_FuncInfo@@HHPAI1@Z 00412278 f   libcmt:trnsctrl.obj
 0001:000112f4       __global_unwind2           004122f4 f   libcmt:exsup.obj
 0001:00011336       __local_unwind2            00412336 f   libcmt:exsup.obj
 0001:0001138e       __NLG_Return2              0041238e f   libcmt:exsup.obj
 0001:0001139e       __abnormal_termination     0041239e f   libcmt:exsup.obj
 0001:000113c1       __NLG_Notify1              004123c1 f   libcmt:exsup.obj
 0001:000113ca       __NLG_Notify               004123ca f   libcmt:exsup.obj
 0001:000113dd       __NLG_Dispatch             004123dd f   libcmt:exsup.obj
 0001:000113f0       _strncmp                   004123f0 f   libcmt:strncmp.obj
 0001:00011430       _strncat                   00412430 f   libcmt:strncat.obj
 0001:00011553       __fsopen                   00412553 f   libcmt:fopen.obj
 0001:00011584       _fopen                     00412584 f   libcmt:fopen.obj
 0001:00011597       _fclose                    00412597 f   libcmt:fclose.obj
 0001:000115c8       __fclose_lk                004125c8 f   libcmt:fclose.obj
 0001:00011614       _sscanf                    00412614 f   libcmt:sscanf.obj
 0001:00011648       _printf                    00412648 f   libcmt:printf.obj
 0001:00011689       __onexit                   00412689 f   libcmt:onexit.obj
 0001:00011707       _atexit                    00412707 f   libcmt:onexit.obj
 0001:00011719       ___onexitinit              00412719 f   libcmt:onexit.obj
 0001:00011748       _atol                      00412748 f   libcmt:atox.obj
 0001:000117d3       _atoi                      004127d3 f   libcmt:atox.obj
 0001:000117de       _strtok                    004127de f   libcmt:strtok.obj
 0001:00011882       ??1type_info@@UAE@XZ       00412882 f   libcmt:typinfo.obj
 0001:000118ab       ??_Etype_info@@UAEPAXI@Z   004128ab f i libcmt:typinfo.obj
 0001:000118ab       ??_Gtype_info@@UAEPAXI@Z   004128ab f i libcmt:typinfo.obj
 0001:000118c7       _WinMainCRTStartup         004128c7 f   libcmt:wincrt0.obj
 0001:000119cf       __amsg_exit                004129cf f   libcmt:wincrt0.obj
 0001:00011a18       __EH_prolog                00412a18 f   libcmt:ehprolog.obj
 0001:00011a40       _memset                    00412a40 f   libcmt:memset.obj
 0001:00011a98       _malloc                    00412a98 f   libcmt:malloc.obj
 0001:00011aaa       __nh_malloc                00412aaa f   libcmt:malloc.obj
 0001:00011ad6       __heap_alloc               00412ad6 f   libcmt:malloc.obj
 0001:00011bd2       _free                      00412bd2 f   libcmt:free.obj
 0001:00011cbb       __strdup                   00412cbb f   libcmt:strdup.obj
 0001:00011ce6       __cinit                    00412ce6 f   libcmt:crt0dat.obj
 0001:00011d13       _exit                      00412d13 f   libcmt:crt0dat.obj
 0001:00011d24       __exit                     00412d24 f   libcmt:crt0dat.obj
 0001:00011dda       __lockexit                 00412dda f   libcmt:crt0dat.obj
 0001:00011de3       __unlockexit               00412de3 f   libcmt:crt0dat.obj
 0001:00011e10       _memcmp                    00412e10 f   libcmt:memcmp.obj
 0001:00011ebc       __mbscmp                   00412ebc f   libcmt:mbscmp.obj
 0001:00011f70       _memcpy                    00412f70 f   libcmt:memcpy.obj
 0001:000122a5       __CxxThrowException@8      004132a5 f   libcmt:throw.obj
 0001:000122df       _strtol                    004132df f   libcmt:strtol.obj
 0001:000124fb       _strtoul                   004134fb f   libcmt:strtol.obj
 0001:00012512       _wcslen                    00413512 f   libcmt:wcslen.obj
 0001:0001252f       __mbschr                   0041352f f   libcmt:mbschr.obj
 0001:000125c6       _abs                       004135c6 f   libcmt:abs.obj
 0001:000125d1       __mbsinc                   004135d1 f   libcmt:mbsinc.obj
 0001:000125f0       _memmove                   004135f0 f   libcmt:memmove.obj
 0001:00012925       __mbsrchr                  00413925 f   libcmt:mbsrchr.obj
 0001:000129a0       _strlen                    004139a0 f   libcmt:strlen.obj
 0001:00012a1b       __ismbcdigit               00413a1b f   libcmt:ismbdgt.obj
 0001:00012aaa       __fpmath                   00413aaa f   libcmt:fpinit.obj
 0001:00012ac1       __fpclear                  00413ac1 f   libcmt:fpinit.obj
 0001:00012ac2       __cfltcvt_init             00413ac2 f   libcmt:fpinit.obj
 0001:00012b00       __alloca_probe             00413b00 f   libcmt:chkstk.obj
 0001:00012b00       __chkstk                   00413b00 f   libcmt:chkstk.obj
 0001:00012b2f       __ismbcspace               00413b2f f   libcmt:ismbspc.obj
 0001:00012bbe       __msize                    00413bbe f   libcmt:msize.obj
 0001:00012cac       __expand                   00413cac f   libcmt:expand.obj
 0001:00012e10       __setmbcp                  00413e10 f   libcmt:mbctype.obj
 0001:000131e8       ___initmbctable            004141e8 f   libcmt:mbctype.obj
 0001:00013260       __ltoa                     00414260 f   libcmt:xtoa.obj
 0001:0001328a       __ultoa                    0041428a f   libcmt:xtoa.obj
 0001:000132a8       __ftol                     004142a8 f   libcmt:ftol.obj
 0001:000132cf       _wcscpy                    004142cf f   libcmt:wcscat.obj
 0001:000132f4       _wcsncpy                   004142f4 f   libcmt:wcsncpy.obj
 0001:00013331       _realloc                   00414331 f   libcmt:realloc.obj
 0001:00013660       _localtime                 00414660 f   libcmt:localtim.obj
 0001:000137c0       __dosmaperr                004147c0 f   libcmt:dosmap.obj
 0001:00013833       __errno                    00414833 f   libcmt:dosmap.obj
 0001:0001383c       ___doserrno                0041483c f   libcmt:dosmap.obj
 0001:00013845       _mktime                    00414845 f   libcmt:mktime.obj
 0001:00013a37       _gmtime                    00414a37 f   libcmt:gmtime.obj
 0001:00013b41       __flsbuf                   00414b41 f   libcmt:_flsbuf.obj
 0001:00013c59       __output                   00414c59 f   libcmt:output.obj
 0001:000144c0       ___initstdio               004154c0 f   libcmt:_file.obj
 0001:00014568       ___endstdio                00415568 f   libcmt:_file.obj
 0001:0001457c       __lock_file                0041557c f   libcmt:_file.obj
 0001:000145ab       __lock_file2               004155ab f   libcmt:_file.obj
 0001:000145ce       __unlock_file              004155ce f   libcmt:_file.obj
 0001:000145fd       __unlock_file2             004155fd f   libcmt:_file.obj
 0001:00014620       __commit                   00415620 f   libcmt:commit.obj
 0001:000146b3       __write                    004156b3 f   libcmt:write.obj
 0001:00014718       __write_lk                 00415718 f   libcmt:write.obj
 0001:000148a3       __mtinitlocks              004158a3 f   libcmt:mlock.obj
 0001:000148cc       __lock                     004158cc f   libcmt:mlock.obj
 0001:0001492d       __unlock                   0041592d f   libcmt:mlock.obj
 0001:00014942       ___InternalCxxFrameHandler 00415942 f   libcmt:frame.obj
 0001:00014c97       ___FrameUnwindToState      00415c97 f   libcmt:frame.obj
 0001:000150cf       ?_DestructExceptionObject@@YAXPAUEHExceptionRecord@@E@Z 004160cf f   libcmt:frame.obj
 0001:00015160       __CallSettingFrame@12      00416160 f   libcmt:lowhelpr.obj
 0001:00015187       __NLG_Return               00416187 f   libcmt:lowhelpr.obj
 0001:000151ac       __mtinit                   004161ac f   libcmt:tidtable.obj
 0001:00015200       __initptd                  00416200 f   libcmt:tidtable.obj
 0001:00015213       __getptd                   00416213 f   libcmt:tidtable.obj
 0001:0001527a       ?terminate@@YAXXZ          0041627a f   libcmt:hooks.obj
 0001:000152db       ?_inconsistency@@YAXXZ     004162db f   libcmt:hooks.obj
 0001:00015331       __openfile                 00416331 f   libcmt:_open.obj
 0001:000154a1       __getstream                004164a1 f   libcmt:stream.obj
 0001:00015569       __close                    00416569 f   libcmt:close.obj
 0001:000155c6       __close_lk                 004165c6 f   libcmt:close.obj
 0001:00015649       __freebuf                  00416649 f   libcmt:_freebuf.obj
 0001:00015674       __input                    00416674 f   libcmt:input.obj
 0001:00016125       __stbuf                    00417125 f   libcmt:_sftbuf.obj
 0001:000161b2       __ftbuf                    004171b2 f   libcmt:_sftbuf.obj
 0001:000161dc       __isctype                  004171dc f   libcmt:isctype.obj
 0001:00016260       __allmul                   00417260 f   libcmt:llmul.obj
 0001:000162a0       _strcmp                    004172a0 f   libcmt:strcmp.obj
 0001:00016324       __XcptFilter               00417324 f   libcmt:winxfltr.obj
 0001:0001649c       __wincmdln                 0041749c f   libcmt:wincmdln.obj
 0001:000164f4       __setenvp                  004174f4 f   libcmt:stdenvp.obj
 0001:000165ad       __setargv                  004175ad f   libcmt:stdargv.obj
 0001:000167fa       ___crtGetEnvironmentStringsA 004177fa f   libcmt:a_env.obj
 0001:0001692c       __ioinit                   0041792c f   libcmt:ioinit.obj
 0001:00016ae8       __GetLinkerVersion         00417ae8 f   libcmt:heapinit.obj
 0001:00016b15       ___heap_select             00417b15 f   libcmt:heapinit.obj
 0001:00016c5d       __heap_init                00417c5d f   libcmt:heapinit.obj
 0001:00016cc4       __except_handler3          00417cc4 f   libcmt:exsup3.obj
 0001:00016d81       __seh_longjmp_unwind@4     00417d81 f   libcmt:exsup3.obj
 0001:00016d9c       __FF_MSGBANNER             00417d9c f   libcmt:crt0msg.obj
 0001:00016dd5       __NMSG_WRITE               00417dd5 f   libcmt:crt0msg.obj
 0001:00016f28       __callnewh                 00417f28 f   libcmt:handler.obj
 0001:00016f43       ___sbh_heap_init           00417f43 f   libcmt:sbheap.obj
 0001:00016f8b       ___sbh_find_block          00417f8b f   libcmt:sbheap.obj
 0001:00016fb6       ___sbh_free_block          00417fb6 f   libcmt:sbheap.obj
 0001:000172df       ___sbh_alloc_block         004182df f   libcmt:sbheap.obj
 0001:000175e8       ___sbh_alloc_new_region    004185e8 f   libcmt:sbheap.obj
 0001:00017699       ___sbh_alloc_new_group     00418699 f   libcmt:sbheap.obj
 0001:00017794       ___sbh_resize_block        00418794 f   libcmt:sbheap.obj
 0001:00017a8a       ___old_sbh_new_region      00418a8a f   libcmt:sbheap.obj
 0001:00017bce       ___old_sbh_release_region  00418bce f   libcmt:sbheap.obj
 0001:00017c24       ___old_sbh_decommit_pages  00418c24 f   libcmt:sbheap.obj
 0001:00017ce6       ___old_sbh_find_block      00418ce6 f   libcmt:sbheap.obj
 0001:00017d3d       ___old_sbh_free_block      00418d3d f   libcmt:sbheap.obj
 0001:00017d82       ___old_sbh_alloc_block     00418d82 f   libcmt:sbheap.obj
 0001:00017f8a       ___old_sbh_alloc_block_from_page 00418f8a f   libcmt:sbheap.obj
 0001:000180ae       ___old_sbh_resize_block    004190ae f   libcmt:sbheap.obj
 0001:00018160       _strcpy                    00419160 f   libcmt:strcat.obj
 0001:00018170       _strcat                    00419170 f   libcmt:strcat.obj
 0001:00018250       _calloc                    00419250 f   libcmt:calloc.obj
 0001:0001838d       ?__CxxUnhandledExceptionFilter@@YGJPAU_EXCEPTION_POINTERS@@@Z 0041938d f   libcmt:unhandld.obj
 0001:000183d3       ?__CxxSetUnhandledExceptionFilter@@YAXXZ 004193d3 f   libcmt:unhandld.obj
 0001:000183e4       ?__CxxRestoreUnhandledExceptionFilter@@YAXXZ 004193e4 f   libcmt:unhandld.obj
 0001:000183f1       _toupper                   004193f1 f   libcmt:toupper.obj
 0001:00018460       __toupper_lk               00419460 f   libcmt:toupper.obj
 0001:00018540       _strchr                    00419540 f   libcmt:strchr.obj
 0001:00018546       ___from_strstr_to_strchr   00419546 f   libcmt:strchr.obj
 0001:00018600       _strpbrk                   00419600 f   libcmt:strpbrk.obj
 0001:0001863a       ___crtLCMapStringA         0041963a f   libcmt:a_map.obj
 0001:00018890       __strrev                   00419890 f   libcmt:strrev.obj
 0001:000188c0       _strstr                    004198c0 f   libcmt:strstr.obj
 0001:00018940       _strspn                    00419940 f   libcmt:strspn.obj
 0001:00018980       _strcspn                   00419980 f   libcmt:strcspn.obj
 0001:000189c0       _strrchr                   004199c0 f   libcmt:strrchr.obj
 0001:000189e7       ___crtGetStringTypeA       004199e7 f   libcmt:a_str.obj
 0001:00018b30       __setdefaultprecision      00419b30 f   libcmt:fp8.obj
 0001:00018b42       __ms_p5_test_fdiv          00419b42 f   libcmt:testfdiv.obj
 0001:00018b80       __ms_p5_mp_test_fdiv       00419b80 f   libcmt:testfdiv.obj
 0001:00018ba9       __forcdecpt                00419ba9 f   libcmt:cvt.obj
 0001:00018c03       __cropzeros                00419c03 f   libcmt:cvt.obj
 0001:00018c51       __positive                 00419c51 f   libcmt:cvt.obj
 0001:00018c69       __fassign                  00419c69 f   libcmt:cvt.obj
 0001:00018ca7       __cftoe                    00419ca7 f   libcmt:cvt.obj
 0001:00018dca       __cftof                    00419dca f   libcmt:cvt.obj
 0001:00018ec6       __cftog                    00419ec6 f   libcmt:cvt.obj
 0001:00018f59       __cfltcvt                  00419f59 f   libcmt:cvt.obj
 0001:00018fd0       __aulldiv                  00419fd0 f   libcmt:ulldiv.obj
 0001:00019040       __aullrem                  0041a040 f   libcmt:ullrem.obj
 0001:000190b5       ___tzset                   0041a0b5 f   libcmt:tzset.obj
 0001:0001936a       __isindst                  0041a36a f   libcmt:tzset.obj
 0001:00019680       __strcmpi                  0041a680 f   libcmt:stricmp.obj
 0001:00019680       __stricmp                  0041a680 f   libcmt:stricmp.obj
 0001:00019750       __lseek                    0041a750 f   libcmt:lseek.obj
 0001:000197b5       __lseek_lk                 0041a7b5 f   libcmt:lseek.obj
 0001:00019828       __getbuf                   0041a828 f   libcmt:_getbuf.obj
 0001:0001986c       __isatty                   0041a86c f   libcmt:isatty.obj
 0001:00019895       _wctomb                    0041a895 f   libcmt:wctomb.obj
 0001:000198ee       __wctomb_lk                0041a8ee f   libcmt:wctomb.obj
 0001:00019957       __fcloseall                0041a957 f   libcmt:closeall.obj
 0001:000199d8       __alloc_osfhnd             0041a9d8 f   libcmt:osfinfo.obj
 0001:00019afb       __set_osfhnd               0041aafb f   libcmt:osfinfo.obj
 0001:00019b77       __free_osfhnd              0041ab77 f   libcmt:osfinfo.obj
 0001:00019bf6       __get_osfhandle            0041abf6 f   libcmt:osfinfo.obj
 0001:00019c38       __lock_fhandle             0041ac38 f   libcmt:osfinfo.obj
 0001:00019c97       __unlock_fhandle           0041ac97 f   libcmt:osfinfo.obj
 0001:00019cb9       ?_ValidateRead@@YAHPBXI@Z  0041acb9 f   libcmt:validate.obj
 0001:00019cd5       ?_ValidateWrite@@YAHPAXI@Z 0041acd5 f   libcmt:validate.obj
 0001:00019cf1       ?_ValidateExecute@@YAHP6GHXZ@Z 0041acf1 f   libcmt:validate.obj
 0001:00019d09       _abort                     0041ad09 f   libcmt:abort.obj
 0001:00019d20       __sopen                    0041ad20 f   libcmt:open.obj
 0001:00019fef       _mbtowc                    0041afef f   libcmt:mbtowc.obj
 0001:0001a04c       __mbtowc_lk                0041b04c f   libcmt:mbtowc.obj
 0001:0001a115       _isspace                   0041b115 f   libcmt:_ctype.obj
 0001:0001a140       __allshl                   0041b140 f   libcmt:llshl.obj
 0001:0001a15f       __filbuf                   0041b15f f   libcmt:_filbuf.obj
 0001:0001a23b       __ungetc_lk                0041b23b f   libcmt:ungetc.obj
 0001:0001a2a9       __ismbblead                0041b2a9 f   libcmt:ismbbyte.obj
 0001:0001a2eb       ___crtMessageBoxA          0041b2eb f   libcmt:crtmbox.obj
 0001:0001a374       __control87                0041b374 f   libcmt:ieee87.obj
 0001:0001a3a9       __controlfp                0041b3a9 f   libcmt:ieee87.obj
 0001:0001a4da       _tolower                   0041b4da f   libcmt:tolower.obj
 0001:0001a549       __tolower_lk               0041b549 f   libcmt:tolower.obj
 0001:0001a614       __ZeroTail                 0041b614 f   libcmt:intrncvt.obj
 0001:0001a65d       __IncMan                   0041b65d f   libcmt:intrncvt.obj
 0001:0001a6b3       __RoundMan                 0041b6b3 f   libcmt:intrncvt.obj
 0001:0001a73f       __CopyMan                  0041b73f f   libcmt:intrncvt.obj
 0001:0001a75a       __FillZeroMan              0041b75a f   libcmt:intrncvt.obj
 0001:0001a766       __IsZeroMan                0041b766 f   libcmt:intrncvt.obj
 0001:0001a781       __ShrMan                   0041b781 f   libcmt:intrncvt.obj
 0001:0001a80e       __ld12cvt                  0041b80e f   libcmt:intrncvt.obj
 0001:0001a97a       __ld12tod                  0041b97a f   libcmt:intrncvt.obj
 0001:0001a990       __ld12tof                  0041b990 f   libcmt:intrncvt.obj
 0001:0001a9a6       __atodbl                   0041b9a6 f   libcmt:intrncvt.obj
 0001:0001a9d3       __atoflt                   0041b9d3 f   libcmt:intrncvt.obj
 0001:0001aa00       __fptostr                  0041ba00 f   libcmt:_fptostr.obj
 0001:0001aa77       __fltout2                  0041ba77 f   libcmt:cfout.obj
 0001:0001aad3       ___dtold                   0041bad3 f   libcmt:cfout.obj
 0001:0001ab89       __fptrap                   0041bb89 f   libcmt:crt0fp.obj
 0001:0001ab92       __getenv_lk                0041bb92 f   libcmt:getenv.obj
 0001:0001ac0f       _raise                     0041bc0f f   libcmt:winsig.obj
 0001:0001adce       __chsize_lk                0041bdce f   libcmt:chsize.obj
 0001:0001aef3       __read                     0041bef3 f   libcmt:read.obj
 0001:0001af58       __read_lk                  0041bf58 f   libcmt:read.obj
 0001:0001b131       ___addl                    0041c131 f   libcmt:mantold.obj
 0001:0001b152       ___add_12                  0041c152 f   libcmt:mantold.obj
 0001:0001b1b0       ___shl_12                  0041c1b0 f   libcmt:mantold.obj
 0001:0001b1de       ___shr_12                  0041c1de f   libcmt:mantold.obj
 0001:0001b20b       ___mtold12                 0041c20b f   libcmt:mantold.obj
 0001:0001b2d2       ___strgtold12              0041c2d2 f   libcmt:strgtold.obj
 0001:0001b7a3       _$I10_OUTPUT               0041c7a3 f   libcmt:x10fout.obj
 0001:0001ba36       __mbsnbicoll               0041ca36 f   libcmt:mbsnbico.obj
 0001:0001ba75       ___wtomb_environ           0041ca75 f   libcmt:wtombenv.obj
 0001:0001baf0       __strnicmp                 0041caf0 f   libcmt:strnicmp.obj
 0001:0001bbf1       __setmode_lk               0041cbf1 f   libcmt:setmode.obj
 0001:0001bc52       ___ld12mul                 0041cc52 f   libcmt:tenpow.obj
 0001:0001be72       ___multtenpow12            0041ce72 f   libcmt:tenpow.obj
 0001:0001beee       ___crtCompareStringA       0041ceee f   libcmt:a_cmp.obj
 0001:0001c16b       ___crtsetenv               0041d16b f   libcmt:setenv.obj
 0001:0001c3b2       _RtlUnwind@16              0041d3b2 f   kernel32:KERNEL32.dll
 0001:0001c3b8       _GetFileTitleA@12          0041d3b8 f   comdlg32:comdlg32.dll
 0001:0001c3be       _ClosePrinter@4            0041d3be f   winspool:WINSPOOL.DRV
 0001:0001c3c4       _DocumentPropertiesA@24    0041d3c4 f   winspool:WINSPOOL.DRV
 0001:0001c3ca       _OpenPrinterA@12           0041d3ca f   winspool:WINSPOOL.DRV
 0001:0001c3d0       _OleUIBusyA@4              0041d3d0 f   oledlg:oledlg.dll
 0001:0001c540       _CallWndProcFilterProc@12  0041d540 f   ctl3d32s:CTL3D.OBJ
 0001:0001c9b0       _Ctl3dRegister@4           0041d9b0 f   ctl3d32s:CTL3D.OBJ
 0001:0001ca20       _Ctl3dUnregister@4         0041da20 f   ctl3d32s:CTL3D.OBJ
 0001:0001cae0       _Ctl3dAutoSubclass@4       0041dae0 f   ctl3d32s:CTL3D.OBJ
 0001:0001caf0       _Ctl3dAutoSubclassEx@8     0041daf0 f   ctl3d32s:CTL3D.OBJ
 0001:0001cc30       _Ctl3dIsAutoSubclass@0     0041dc30 f   ctl3d32s:CTL3D.OBJ
 0001:0001cc60       _Ctl3dUnAutoSubclass@0     0041dc60 f   ctl3d32s:CTL3D.OBJ
 0001:0001cd00       _Ctl3dSubclassCtl@4        0041dd00 f   ctl3d32s:CTL3D.OBJ
 0001:0001cd30       _Ctl3dUnsubclassCtl@4      0041dd30 f   ctl3d32s:CTL3D.OBJ
 0001:0001ce40       _Ctl3dSubclassCtlEx@8      0041de40 f   ctl3d32s:CTL3D.OBJ
 0001:0001cf80       _Ctl3dCheckSubclassDlg@8   0041df80 f   ctl3d32s:CTL3D.OBJ
 0001:0001d000       _Ctl3dSubclassDlgEx@8      0041e000 f   ctl3d32s:CTL3D.OBJ
 0001:0001d070       _Ctl3dCtlColorEx@12        0041e070 f   ctl3d32s:CTL3D.OBJ
 0001:0001d100       _Ctl3dColorChange@0        0041e100 f   ctl3d32s:CTL3D.OBJ
 0001:0001d3e0       _Ctl3dWinIniChange@0       0041e3e0 f   ctl3d32s:CTL3D.OBJ
 0001:0001d8e0       _Ctl3dDlgProc@16           0041e8e0 f   ctl3d32s:CTL3D.OBJ
 0001:0001dc50       _Ctl3dHook@12              0041ec50 f   ctl3d32s:CTL3D.OBJ
 0001:0001ea90       _BtnWndProc3d@16           0041fa90 f   ctl3d32s:CTL3D.OBJ
 0001:0001ed70       _ListEditPaint3d           0041fd70 f   ctl3d32s:CTL3D.OBJ
 0001:0001f0b0       _ShareEditComboWndProc3d   004200b0 f   ctl3d32s:CTL3D.OBJ
 0001:0001f200       _EditWndProc3d@16          00420200 f   ctl3d32s:CTL3D.OBJ
 0001:0001f230       _SharedListWndProc         00420230 f   ctl3d32s:CTL3D.OBJ
 0001:0001f460       _ListWndProc3d@16          00420460 f   ctl3d32s:CTL3D.OBJ
 0001:0001f490       _ComboWndProc3d@16         00420490 f   ctl3d32s:CTL3D.OBJ
 0001:0001f4e0       _StaticPrint               004204e0 f   ctl3d32s:CTL3D.OBJ
 0001:0001f5c0       _StaticPaint               004205c0 f   ctl3d32s:CTL3D.OBJ
 0001:0001f760       _StaticWndProc3d@16        00420760 f   ctl3d32s:CTL3D.OBJ
 0001:0001f8b0       _LibMain                   004208b0 f   ctl3d32s:CTL3D.OBJ
 0001:0001f980       _LoadUIBitmap@32           00420980 f   ctl3d32s:CTL3D.OBJ
 0001:0001fb17       _WinMain@16                00420b17 f   nafxcw:appmodul.obj
 0001:0001fb2f       ?AfxInitialize@@YGHHK@Z    00420b2f f   nafxcw:appmodul.obj
 0001:0001fb4d       ?_AfxTermAppState@@YAXXZ   00420b4d f   nafxcw:appmodul.obj
 0001:0001fb82       ?Remove@CString@@QAEHD@Z   00420b82 f   nafxcw:strex.obj
 0001:0001fbd3       ?ReverseFind@CString@@QBEHD@Z 00420bd3 f   nafxcw:strex.obj
 0001:0001fbf5       ?InitString@CSimpleException@@QAEXXZ 00420bf5 f   nafxcw:except.obj
 0001:0001fc1e       ?GetErrorMessage@CSimpleException@@UAEHPADIPAI@Z 00420c1e f   nafxcw:except.obj
 0001:0001fc61       ?AfxThrowMemoryException@@YGXXZ 00420c61 f   nafxcw:except.obj
 0001:0001fc7a       ?AfxThrowNotSupportedException@@YGXXZ 00420c7a f   nafxcw:except.obj
 0001:0001fc93       ??0CTime@@QAE@HHHHHHH@Z    00420c93 f   nafxcw:timecore.obj
 0001:0001fcdf       ??0CTime@@QAE@ABU_SYSTEMTIME@@H@Z 00420cdf f   nafxcw:timecore.obj
 0001:0001fd2b       ??0CTime@@QAE@ABU_FILETIME@@H@Z 00420d2b f   nafxcw:timecore.obj
 0001:0001fd77       ?GetMessageMap@CCommonDialog@@MBEPBUAFX_MSGMAP@@XZ 00420d77 f   nafxcw:dlgcomm.obj
 0001:0001fd7d       ?OnOK@CCommonDialog@@MAEXXZ 00420d7d f   nafxcw:dlgcomm.obj
 0001:0001fd94       ?OnCancel@CCommonDialog@@MAEXXZ 00420d94 f   nafxcw:dlgcomm.obj
 0001:0001fd99       ?OnHelpInfo@CCommonDialog@@IAEHPAUtagHELPINFO@@@Z 00420d99 f   nafxcw:dlgcomm.obj
 0001:0001fda1       ?GetMessageMap@CListCtrl@@MBEPBUAFX_MSGMAP@@XZ 00420da1 f   nafxcw:winctrl2.obj
 0001:0001fda7       ??1CListCtrl@@UAE@XZ       00420da7 f   nafxcw:winctrl2.obj
 0001:0001fddf       ?InsertItem@CListCtrl@@QAEHIHPBDIIHJ@Z 00420ddf f   nafxcw:winctrl2.obj
 0001:0001fe2b       ?SetItemText@CListCtrl@@QAEHHHPBD@Z 00420e2b f   nafxcw:winctrl2.obj
 0001:0001fe56       ?GetItemText@CListCtrl@@QBEHHHPADH@Z 00420e56 f   nafxcw:winctrl2.obj
 0001:0001fe9b       ?DrawItem@CListCtrl@@UAEXPAUtagDRAWITEMSTRUCT@@@Z 00420e9b f   nafxcw:winctrl2.obj
 0001:0001fe9e       ?OnChildNotify@CListCtrl@@MAEHIIJPAJ@Z 00420e9e f   nafxcw:winctrl2.obj
 0001:0001fecc       ?RemoveImageList@CListCtrl@@IAEXH@Z 00420ecc f   nafxcw:winctrl2.obj
 0001:0001ff05       ?OnNcDestroy@CListCtrl@@IAEXXZ 00420f05 f   nafxcw:winctrl2.obj
 0001:0001ff2a       ?afxMapHIMAGELIST@@YGPAVCHandleMap@@H@Z 00420f2a f   nafxcw:winctrl2.obj
 0001:0001ff9c       ??0CImageList@@QAE@XZ      00420f9c f   nafxcw:winctrl2.obj
 0001:0001ffa9       ??_ECImageList@@UAEPAXI@Z  00420fa9 f i nafxcw:winctrl2.obj
 0001:0001ffa9       ??_GCImageList@@UAEPAXI@Z  00420fa9 f i nafxcw:winctrl2.obj
 0001:0001ffc5       ??1CImageList@@UAE@XZ      00420fc5 f   nafxcw:winctrl2.obj
 0001:0001ffee       ?Detach@CImageList@@QAEPAU_IMAGELIST@@XZ 00420fee f   nafxcw:winctrl2.obj
 0001:00020018       ?DeleteImageList@CImageList@@QAEHXZ 00421018 f   nafxcw:winctrl2.obj
 0001:0002002e       ?FromHandlePermanent@CImageList@@SGPAV1@PAU_IMAGELIST@@@Z 0042102e f   nafxcw:winctrl2.obj
 0001:0002004c       ??0CArchiveStream@@QAE@PAVCArchive@@@Z 0042104c f   nafxcw:arcstrm.obj
 0001:0002005e       ?AddRef@CArchiveStream@@UAGKXZ 0042105e f   nafxcw:arcstrm.obj
 0001:00020064       ?Release@CArchiveStream@@UAGKXZ 00421064 f   nafxcw:arcstrm.obj
 0001:00020069       ?QueryInterface@CArchiveStream@@UAGJABU_GUID@@PAPAX@Z 00421069 f   nafxcw:arcstrm.obj
 0001:000200ad       ?Read@CArchiveStream@@UAGJPAXKPAK@Z 004210ad f   nafxcw:arcstrm.obj
 0001:00020105       ?Write@CArchiveStream@@UAGJPBXKPAK@Z 00421105 f   nafxcw:arcstrm.obj
 0001:0002015e       ?Seek@CArchiveStream@@UAGJT_LARGE_INTEGER@@KPAT_ULARGE_INTEGER@@@Z 0042115e f   nafxcw:arcstrm.obj
 0001:000201de       ?Revert@CArchiveStream@@UAGJXZ 004211de f   nafxcw:arcstrm.obj
 0001:000201e6       ?UnlockRegion@CArchiveStream@@UAGJT_ULARGE_INTEGER@@0K@Z 004211e6 f   nafxcw:arcstrm.obj
 0001:000201e6       ?LockRegion@CArchiveStream@@UAGJT_ULARGE_INTEGER@@0K@Z 004211e6 f   nafxcw:arcstrm.obj
 0001:000201e6       ?CopyTo@CArchiveStream@@UAGJPAUIStream@@T_ULARGE_INTEGER@@PAT3@2@Z 004211e6 f   nafxcw:arcstrm.obj
 0001:000201ee       ?SetSize@CArchiveStream@@UAGJT_ULARGE_INTEGER@@@Z 004211ee f   nafxcw:arcstrm.obj
 0001:000201ee       ?Stat@CArchiveStream@@UAGJPAUtagSTATSTG@@K@Z 004211ee f   nafxcw:arcstrm.obj
 0001:000201f6       ?Commit@CArchiveStream@@UAGJK@Z 004211f6 f   nafxcw:arcstrm.obj
 0001:000201f6       ?Clone@CArchiveStream@@UAGJPAPAUIStream@@@Z 004211f6 f   nafxcw:arcstrm.obj
 0001:000201fe       ??0CPtrList@@QAE@H@Z       004211fe f   nafxcw:list_p.obj
 0001:00020221       ??_ECPtrList@@UAEPAXI@Z    00421221 f i nafxcw:list_p.obj
 0001:00020221       ??_GCPtrList@@UAEPAXI@Z    00421221 f i nafxcw:list_p.obj
 0001:0002023d       ?RemoveAll@CPtrList@@QAEXXZ 0042123d f   nafxcw:list_p.obj
 0001:0002025d       ??1CPtrList@@UAE@XZ        0042125d f   nafxcw:list_p.obj
 0001:00020286       ?NewNode@CPtrList@@IAEPAUCNode@1@PAU21@0@Z 00421286 f   nafxcw:list_p.obj
 0001:000202de       ?FreeNode@CPtrList@@IAEXPAUCNode@1@@Z 004212de f   nafxcw:list_p.obj
[...]
   509 0001:00021b40   510 0001:00021b44   513 0001:00021b4e   514 0001:00021b54
   517 0001:00021b5c   518 0001:00021b66   519 0001:00021b6b   520 0001:00021b6d
   522 0001:00021b82   523 0001:00021b8c   529 0001:00021b93   531 0001:00021b9c
   533 0001:00021bb4   536 0001:00021bba   537 0001:00021bbc   538 0001:00021bc9
   539 0001:00021bcc   543 0001:00021bd4   545 0001:00021bd9   548 0001:00021bea
   550 0001:00021bec   551 0001:00021bf4   553 0001:00021bfb   555 0001:00021c0a
   556 0001:00021c0f   557 0001:00021c1a   558 0001:00021c2a   561 0001:00021c33
   562 0001:00021c3a   570 0001:00021c41   571 0001:00021c44   574 0001:00021c53
   577 0001:00021c56   578 0001:00021c5c   580 0001:00021c65   581 0001:00021c73
   587 0001:00021c76   589 0001:00021c8e   590 0001:00021c97   598 0001:00021c9a
   599 0001:00021c9e   603 0001:00021ca6   604 0001:00021cb1   607 0001:00021cbc
   609 0001:00021cc3   610 0001:00021ccb   612 0001:00021ccd   614 0001:00021cd7
   617 0001:00021cdb   618 0001:00021ce4   624 0001:00021ce8   627 0001:00021cf1
   629 0001:00021cfb   630 0001:00021d0e   632 0001:00021d12   633 0001:00021d19
   638 0001:00021d1b   639 0001:00021d1f   642 0001:00021d22   643 0001:00021d29
   644 0001:00021d35   650 0001:00021d39   651 0001:00021d3e   652 0001:00021d59
   655 0001:00021d5e   656 0001:00021d76   659 0001:00021d78   664 0001:00021d7b
   667 0001:00021d7e   668 0001:00021d85   669 0001:00021d8b   670 0001:00021d8d
   672 0001:00021d97   676 0001:00021d99   680 0001:00021d9b   683 0001:00021da8
   684 0001:00021db1   693 0001:00021db4   688 0001:00021db5   689 0001:00021dc3
   690 0001:00021dc7   692 0001:00021ddb   693 0001:00021ddf   696 0001:00021de0
   697 0001:00021de3   703 0001:00021dee   704 0001:00021df8   707 0001:00021df9
   709 0001:00021e00   712 0001:00021e01   716 0001:00021e05   718 0001:00021e12
   719 0001:00021e1a   720 0001:00021e26   722 0001:00021e2f   723 0001:00021e33
   726 0001:00021e3c   728 0001:00021e3e   734 0001:00021e43   737 0001:00021e4d
   738 0001:00021e50   739 0001:00021e54   741 0001:00021e58   744 0001:00021e5a
   745 0001:00021e5e   749 0001:00021e62   759 0001:00021e7c   766 0001:00021e7d
   769 0001:00021e8e   776 0001:00021e91   778 0001:00021ea1   779 0001:00021ea7
   781 0001:00021eab   782 0001:00021eb3   783 0001:00021eb7   784 0001:00021ec4
   786 0001:00021ec9   787 0001:00021ecc   790 0001:00021ecf   792 0001:00021ed6
   793 0001:00021edd   794 0001:00021edf   893 0001:000284f1

Line numbers for D:\Program Files\Microsoft Visual Studio\VC98\MFC\LIB\nafxcw.lib(cmdtarg.cpp) segment .text

    29 0001:000211a0    38 0001:000211a2    39 0001:000211a5    40 0001:000211ad
    41 0001:000211b0    42 0001:000211b3    43 0001:000211b6    45 0001:000211b9
    48 0001:000211ba    50 0001:000211c8    51 0001:000211d6    57 0001:000211d9
    65 0001:000211e5    73 0001:000211e8    76 0001:000211f4    77 0001:000211f9
    78 0001:000211ff    82 0001:00021204   125 0001:00021227   127 0001:00021235
   116 0001:0002123a   118 0001:00021248    94 0001:0002124d    95 0001:00021253
   101 0001:00021258   102 0001:0002125b    87 0001:0002125d    88 0001:00021263
   107 0001:00021265   108 0001:00021268   135 0001:0002126a   137 0001:0002127b
    82 0001:0002127d   186 0001:00021290   181 0001:00021294   182 0001:0002129d
   178 0001:0002129f   179 0001:000212a8   170 0001:000212aa   171 0001:000212b7
   172 0001:000212bf   174 0001:000212c3   156 0001:000212c5   160 0001:000212cf
   145 0001:000212d1   188 0001:000212e4   189 0001:000212e8   202 0001:000212ec
   205 0001:000212ef   208 0001:000212fc   218 0001:0002131d   226 0001:00021322
   232 0001:00021329   233 0001:00021338   236 0001:00021342   238 0001:00021345
   241 0001:00021358   243 0001:00021382   244 0001:00021385   238 0001:0002138f
   233 0001:00021394   249 0001:00021398   253 0001:0002139d   255 0001:000213a2
   256 0001:000213a4   260 0001:000213ad   261 0001:000213af   268 0001:000213b4
   269 0001:000213bd   279 0001:000213c1   280 0001:000213d0   269 0001:000213d4
   280 0001:000213d6   302 0001:000213d8   305 0001:000213f2   306 0001:000213f7
   314 0001:000213fb   316 0001:000213fe   326 0001:00021401   329 0001:00021403
   344 0001:00021406   347 0001:0002140b   355 0001:0002140e   357 0001:00021423
   382 0001:00021438   384 0001:0002143d   419 0001:0002143e   421 0001:00021443
   458 0001:00021444   460 0001:00021449   484 0001:0002144a   486 0001:0002144f
   507 0001:00021450   509 0001:00021453   512 0001:0002145a   513 0001:00021461
   514 0001:00021465   516 0001:0002146c   519 0001:00021473   520 0001:00021481
   523 0001:00021482   525 0001:00021485   547 0001:00021486   549 0001:0002148b
   606 0001:0002148c   608 0001:00021491   633 0001:00021492   635 0001:00021494
   636 0001:000214a5   637 0001:000214ae   638 0001:000214b1   639 0001:000214b7
   643 0001:000214b8   644 0001:000214bb   646 0001:000214c2   651 0001:000214c8
   653 0001:000214e6   659 0001:000214e8   660 0001:000214fe   661 0001:00021530
   663 0001:0002153d   664 0001:00021545   667 0001:00021548   668 0001:0002154c
   670 0001:00021553   676 0001:00021559   678 0001:00021574   682 0001:00021576
   683 0001:00021592   686 0001:000215a7   691 0001:000215aa   692 0001:000215ae
   693 0001:000215c1   695 0001:000215c6   701 0001:000215cb   702 0001:000215d3
   704 0001:000215d8   706 0001:000215e0   708 0001:000215fd   711 0001:00021600
   715 0001:00021603   717 0001:0002160a   721 0001:00021610   727 0001:00021624
   729 0001:00021642   732 0001:00021644   734 0001:00021654   777 0001:0002840b
   780 0001:00028417   782 0001:00028426   783 0001:0002842e   785 0001:00028431
   786 0001:0002843f   787 0001:0002844a   788 0001:0002844f   790 0001:00028452
   791 0001:00028459   795 0001:0002845c   798 0001:00028472   799 0001:0002847b
   806 0001:00028487   810 0001:000284b7   811 0001:000284ce   815 0001:000284d8
   817 0001:000284e9   859 0001:000284eb

Line numbers for D:\Program Files\Microsoft Visual Studio\VC98\MFC\LIB\nafxcw.lib(F:\9782\vc98\mfc\mfc\include\afxtls_.h) segment .text

   190 0001:00028377   219 0001:000283ab   190 0001:000283c0

Line numbers for D:\Program Files\Microsoft Visual Studio\VC98\MFC\LIB\nafxcw.lib(thrdcore.cpp) segment .text

   138 0001:00020bee   141 0001:00020bf3   144 0001:00020bf6   145 0001:00020bfa
   148 0001:00020c02   256 0001:00020c03   260 0001:00020c0f   263 0001:00020c16
   267 0001:00020c2c   268 0001:00020c40   269 0001:00020c46   272 0001:00020c51
   276 0001:00020c61   446 0001:00020c62   449 0001:00020c68   450 0001:00020c73
   464 0001:00020c74   468 0001:00020c79   469 0001:00020c7b   476 0001:00020c84
   479 0001:00020c9a   480 0001:00020cae   476 0001:00020cb0   487 0001:00020cb4
   491 0001:00020cbf   493 0001:00020cce   494 0001:00020cd0   497 0001:00020cd5
   498 0001:00020ce4   488 0001:00020ce6   501 0001:00020cf1   504 0001:00020cf3
   523 0001:00020d0c   514 0001:00020d1d   515 0001:00020d30   517 0001:00020d32
   518 0001:00020d3e   519 0001:00020d44   524 0001:00020d49   527 0001:00020d4c
   533 0001:00020d4f   536 0001:00020d50   548 0001:00020d60   550 0001:00020d63
   553 0001:00020d7e   555 0001:00020d8d   558 0001:00020d9a   559 0001:00020db0
   560 0001:00020db3   562 0001:00020dbb   564 0001:00020dc4   565 0001:00020dcc
   567 0001:00020dd4   570 0001:00020de9   572 0001:00020df6   574 0001:00020e06
   575 0001:00020e10   576 0001:00020e18   578 0001:00020e1f   581 0001:00020e22
   583 0001:00020e24   584 0001:00020e3a   587 0001:00020e3f   588 0001:00020e44
   598 0001:00020e4b   599 0001:00020e58   607 0001:00020e5b   608 0001:00020e5c
   616 0001:00020e6b   628 0001:00020e71   632 0001:00020e81   616 0001:00020e90
   632 0001:00020e96   638 0001:00020e98   639 0001:00020e9b   641 0001:00020ea8
   644 0001:00020eab   646 0001:00020eb5   658 0001:00020eba   659 0001:00020ec7
   650 0001:00020ecc   660 0001:00020ed2   663 0001:00020ed6   668 0001:00020ee9
   671 0001:00020eeb   672 0001:00020ef2   673 0001:00020f04   677 0001:00020f09
   679 0001:00020f0d   680 0001:00020f14   681 0001:00020f1f   684 0001:00020f2c
   685 0001:00020f30   688 0001:00020f33   691 0001:00020f3f   693 0001:00020f44
   696 0001:00020f49   699 0001:00020f53   700 0001:00020f55   706 0001:00020f58
   715 0001:00020f7d   712 0001:00020f8b   716 0001:00020fad   720 0001:00020fb0
   727 0001:00020ff8   736 0001:00020ffb   737 0001:00021003   738 0001:0002100e
   744 0001:00021014   750 0001:00021024   753 0001:00021029   754 0001:00021030
   756 0001:00021034   758 0001:0002103d   760 0001:00021051   761 0001:00021056
   763 0001:00021077   764 0001:0002108b   771 0001:00021090   772 0001:00021095
   774 0001:000210b1   775 0001:000210bf   778 0001:000210c1   781 0001:000210df
   782 0001:000210f0   783 0001:000210f7   785 0001:000210f9   786 0001:0002110b
   788 0001:00021129   789 0001:00021130   791 0001:00021135   796 0001:0002113c
   797 0001:00021141   803 0001:00021145   805 0001:0002114a   808 0001:0002114c
   809 0001:00021151   811 0001:00021153   812 0001:0002115f   818 0001:00021160
   821 0001:00021163   848 0001:00021177   850 0001:0002118c   851 0001:00021193
   853 0001:0002119a   854 0001:0002119f   333 0001:00028302   337 0001:0002831a
   338 0001:00028330   341 0001:0002833f   342 0001:00028343   355 0001:00028345
   361 0001:00028361   362 0001:00028364   363 0001:00028370   900 0001:00028371
   370 0001:0002b660   372 0001:0002b677   373 0001:0002b682   376 0001:0002b689
   377 0001:0002b68e   378 0001:0002b693   379 0001:0002b697

Line numbers for D:\Program Files\Microsoft Visual Studio\VC98\MFC\LIB\nafxcw.lib(appui1.cpp) segment .text

    26 0001:00027442    33 0001:0002744a    40 0001:0002745c    41 0001:00027463
    43 0001:0002746d    46 0001:00027470    48 0001:0002747c    50 0001:00027489
    53 0001:00027493    54 0001:00027495    57 0001:0002749c    58 0001:000274ac
    59 0001:000274b0    62 0001:000274b2    63 0001:000274b8    66 0001:000274be
    69 0001:000274c5    70 0001:000274ca    71 0001:000274d1    75 0001:000274d8
    78 0001:000274e0    81 0001:000274f4   104 0001:000274f7   105 0001:000274fb
   106 0001:000274fe   109 0001:00027500   113 0001:0002751a   116 0001:00027528
   117 0001:0002752e   120 0001:00027533   121 0001:00027539   122 0001:00027544
   124 0001:0002754e   125 0001:00027553   128 0001:00027557   129 0001:0002755a
   130 0001:00027562   131 0001:00027566   133 0001:0002757b   134 0001:0002758b
   137 0001:0002758f   138 0001:0002759a   139 0001:000275a2   145 0001:000275b1
   146 0001:000275b9   147 0001:000275bd   148 0001:000275d7   154 0001:000275e8
   159 0001:000275fc   160 0001:00027601   162 0001:00027603   163 0001:00027605
   174 0001:00027610   178 0001:00027618   182 0001:00027621   183 0001:00027629
   186 0001:00027632   188 0001:0002763a   191 0001:0002764d   193 0001:00027658
   163 0001:0002765a   167 0001:0002765d   168 0001:00027671   194 0001:00027678
   197 0001:0002767b   198 0001:00027681   210 0001:00027684   212 0001:00027689
   213 0001:0002768f

Line numbers for D:\Program Files\Microsoft Visual Studio\VC98\MFC\LIB\nafxcw.lib(appui.cpp) segment .text

    26 0001:000264bf    30 0001:000264d1    50 0001:00027339    54 0001:0002733d
    55 0001:00027344    56 0001:00027354    58 0001:00027358    59 0001:00027364
    60 0001:00027371    62 0001:00027377    66 0001:00027379    68 0001:0002738c
    69 0001:00027395    73 0001:00027398    75 0001:000273a2    76 0001:000273a7
    77 0001:000273aa    80 0001:000273ab    86 0001:000273b5    87 0001:000273be
    90 0001:000273c1    93 0001:000273d0   105 0001:000273d3   108 0001:000273dd
   109 0001:000273e7   110 0001:000273e9   111 0001:000273f2   117 0001:000273f5
   119 0001:000273ff   121 0001:0002740a   122 0001:0002740c   128 0001:0002740f
   140 0001:00027414   141 0001:00027433   143 0001:0002743a   144 0001:0002743f

Line numbers for D:\Program Files\Microsoft Visual Studio\VC98\MFC\LIB\nafxcw.lib(F:\9782\vc98\mfc\mfc\include\afxtls_.h) segment .text

   190 0001:000282b5

Line numbers for D:\Program Files\Microsoft Visual Studio\VC98\MFC\LIB\nafxcw.lib(appcore.cpp) segment .text

    36 0001:00020a01   392 0001:00020a07   393 0001:00020a0a   397 0001:00020a19
   399 0001:00020a20   400 0001:00020a28   424 0001:00020a29   425 0001:00020a2d
   429 0001:00020a34   430 0001:00020a36   432 0001:00020a4c   433 0001:00020a5d
   439 0001:00020a60   450 0001:00020a73   451 0001:00020a76   453 0001:00020a82
   454 0001:00020a87   455 0001:00020a88   457 0001:00020a8b   459 0001:00020a9f
   461 0001:00020aa7   464 0001:00020ab9   466 0001:00020ac3   445 0001:00020ac9
   467 0001:00020ad4   473 0001:00020ad7   474 0001:00020adc   476 0001:00020ae5
   480 0001:00020aeb   481 0001:00020af9   483 0001:00020afe   485 0001:00020b05
   487 0001:00020b14   490 0001:00020b24   492 0001:00020b2b   494 0001:00020b33
   495 0001:00020b3d   501 0001:00020b41   502 0001:00020b4a   505 0001:00020b5a
   508 0001:00020b63   511 0001:00020b77   515 0001:00020b88   516 0001:00020b92
   520 0001:00020b98   522 0001:00020ba7   523 0001:00020bb0   527 0001:00020bb9
   529 0001:00020bce   530 0001:00020bd9   532 0001:00020bdf   534 0001:00020bea
    56 0001:00027f84    58 0001:00027f8c    76 0001:00027fa8    77 0001:00027fc8
    78 0001:00027fd0    79 0001:00027fdc    80 0001:00027fde    83 0001:00027fe1
    84 0001:00027fe8    86 0001:00027ff8    88 0001:00027ffb    89 0001:00028004
   123 0001:0002800a   126 0001:000280ae   129 0001:000280b8   130 0001:000280c7
   131 0001:000280c9   134 0001:000280d0   135 0001:000280da   136 0001:000280e1
   137 0001:000280e3   139 0001:000280ea   140 0001:000280ed   143 0001:000280ee
   145 0001:000280f1   291 0001:000280f2   293 0001:0002810a   294 0001:00028119
   297 0001:00028120   298 0001:0002812a   301 0001:00028131   303 0001:0002813b
   305 0001:00028145   306 0001:0002814c   308 0001:00028152   310 0001:0002815c
   311 0001:00028163   316 0001:00028169   317 0001:00028173   318 0001:00028179
   319 0001:00028183   322 0001:00028189   323 0001:0002819c   324 0001:0002819f
   325 0001:000281ab   328 0001:000281ae   329 0001:000281b9   332 0001:000281c0
   333 0001:000281c5   334 0001:000281cd   335 0001:000281d0   336 0001:000281d5
   339 0001:000281d8   340 0001:000281e0   341 0001:000281e8   342 0001:000281f3
   343 0001:000281fe   348 0001:00028209   351 0001:00028228   354 0001:0002822b
   355 0001:00028235   357 0001:0002823a   358 0001:00028244   359 0001:00028257
   362 0001:00028258   367 0001:0002825b   369 0001:0002826b   370 0001:00028276
   374 0001:0002827d   378 0001:00028287   381 0001:00028289   382 0001:0002828d
   606 0001:0002828e   611 0001:0002829e    65 0001:0002b610    66 0001:0002b628
    67 0001:0002b631   407 0001:0002b63d   410 0001:0002b642   411 0001:0002b64d
   413 0001:0002b653   414 0001:0002b65d

Line numbers for D:\Program Files\Microsoft Visual Studio\VC98\MFC\LIB\nafxcw.lib(F:\9782\vc98\mfc\mfc\include\afxwin1.inl) segment .text

    31 0001:00009227    32 0001:0000922c

Line numbers for D:\Program Files\Microsoft Visual Studio\VC98\MFC\LIB\nafxcw.lib(apphelpx.cpp) segment .text

    26 0001:000272f5    30 0001:00027300    31 0001:00027307    42 0001:00027313
    36 0001:00027314    38 0001:0002731b    39 0001:00027327    42 0001:00027331
    41 0001:00027332    42 0001:00027338

Line numbers for D:\Program Files\Microsoft Visual Studio\VC98\MFC\LIB\nafxcw.lib(winocc.cpp) segment .text

    32 0001:000206cd    35 0001:000206e1    75 0001:000206e4    79 0001:000206eb
    81 0001:00020700    82 0001:0002070b    85 0001:0002070e    90 0001:00020715
    91 0001:00020728    92 0001:0002072a    93 0001:00020739   175 0001:0002073c
   178 0001:0002073f   179 0001:00020745   181 0001:0002075e   182 0001:0002076c
   188 0001:0002076f   192 0001:00020776   195 0001:00020781   198 0001:00020789
   202 0001:00020790   205 0001:0002079b   228 0001:000207a3   232 0001:000207aa
   233 0001:000207b7   234 0001:000207b9   235 0001:000207c7   238 0001:000207ca
   242 0001:000207d1   244 0001:000207e4   245 0001:000207f6   258 0001:000207f9
   262 0001:00020800   265 0001:00020809   278 0001:00020814   281 0001:00020817
   282 0001:0002081e   283 0001:00020836   284 0001:00020838   285 0001:00020851
   289 0001:00020855   292 0001:00020858   294 0001:0002085f   296 0001:00020884
   297 0001:000208a0   300 0001:000208a4   304 0001:000208ab   306 0001:000208ba
   307 0001:000208c8   310 0001:000208cb   314 0001:000208d2   317 0001:000208db
   320 0001:000208e6   324 0001:000208ed   326 0001:000208fc   327 0001:0002090a
   330 0001:0002090d   334 0001:00020914   337 0001:00020923   344 0001:0002092e
   347 0001:00020931   353 0001:0002093b   355 0001:00020953   359 0001:00020955
   366 0001:0002095b   367 0001:00020974   412 0001:00020977   413 0001:0002097a
   416 0001:00020984   417 0001:0002099a   420 0001:000209a5   423 0001:000209b1
   426 0001:000209b4   433 0001:000209c5   435 0001:000209d0   438 0001:000209d3
   444 0001:000209e3   447 0001:000209e7   448 0001:000209ea   449 0001:000209f3
   452 0001:000209f7   453 0001:000209fa   455 0001:000209fe

Line numbers for D:\Program Files\Microsoft Visual Studio\VC98\MFC\LIB\nafxcw.lib(afxmem.cpp) segment .text

   279 0001:0002067f   281 0001:00020684   282 0001:00020686   301 0001:00020687
   312 0001:00020696   317 0001:00020699   329 0001:000206a8   341 0001:000206ac
   345 0001:000206bd   346 0001:000206c1   349 0001:000206c2   355 0001:000206cc

Line numbers for D:\Program Files\Microsoft Visual Studio\VC98\MFC\LIB\nafxcw.lib(F:\9782\vc98\mfc\mfc\include\afxwin1.inl) segment .text

   281 0001:000091fe

Line numbers for D:\Program Files\Microsoft Visual Studio\VC98\MFC\LIB\nafxcw.lib(F:\9782\vc98\mfc\mfc\include\afx.inl) segment .text

    19 0001:000091d4    27 0001:000091d5

Line numbers for D:\Program Files\Microsoft Visual Studio\VC98\MFC\LIB\nafxcw.lib(winctrl2.cpp) segment .text

   344 0001:0001fda1   361 0001:0001fda7   362 0001:0001fdc2   363 0001:0001fdc7
   440 0001:0001fddf   443 0001:0001fde5   445 0001:0001fde8   446 0001:0001fdf5
   447 0001:0001fdfb   448 0001:0001fe01   449 0001:0001fe07   450 0001:0001fe0d
   451 0001:0001fe13   452 0001:0001fe27   492 0001:0001fe2b   496 0001:0001fe31
   497 0001:0001fe37   498 0001:0001fe3d   499 0001:0001fe52   523 0001:0001fe56
   526 0001:0001fe5d   527 0001:0001fe6c   528 0001:0001fe75   529 0001:0001fe7b
   531 0001:0001fe81   532 0001:0001fe97   546 0001:0001fe9b   552 0001:0001fe9e
   553 0001:0001fea1   554 0001:0001fea7   559 0001:0001feba   560 0001:0001fec5
   561 0001:0001fec8   564 0001:0001fecc   567 0001:0001fee6   568 0001:0001fef0
   569 0001:0001ff02   572 0001:0001ff05   573 0001:0001ff08   574 0001:0001ff0f
   575 0001:0001ff18   577 0001:0001ff21   578 0001:0001ff29  1099 0001:0001ff2a
  1100 0001:0001ff35  1101 0001:0001ff3c  1105 0001:0001ff49  1108 0001:0001ff53
  1111 0001:0001ff80  1116 0001:0001ff8a  1119 0001:0001ff9c  1120 0001:0001ff9e
  1121 0001:0001ffa8  1124 0001:0001ffc5  1125 0001:0001ffdd  1126 0001:0001ffe2
  1129 0001:0001ffee  1130 0001:0001fff2  1131 0001:0001fff5  1133 0001:0001fff9
  1134 0001:00020000  1135 0001:00020004  1138 0001:0002000f  1139 0001:00020013
  1140 0001:00020017  1143 0001:00020018  1145 0001:0002001e  1147 0001:00020020
  1146 0001:00020021  1147 0001:0002002d  1159 0001:0002002e  1161 0001:00020037
  1162 0001:00020039  1165 0001:0002003d  1169 0001:00020049  1296 0001:00027ed0
  1299 0001:00027ed6  1299 0001:00027eed  1301 0001:00027ef3  1301 0001:00027f3e
  1309 0001:00027f4e

 597 bytes saved through ICF

